Archive member included to satisfy reference by file (symbol)

c:/program files (x86)/atmel/studio/7.0/toolchain/arm/arm-gnu-toolchain/bin/../lib/gcc/arm-none-eabi/6.3.1/thumb/v7e-m\libgcc.a(_arm_addsubdf3.o)
                              src/main.o (__aeabi_i2d)
c:/program files (x86)/atmel/studio/7.0/toolchain/arm/arm-gnu-toolchain/bin/../lib/gcc/arm-none-eabi/6.3.1/thumb/v7e-m\libgcc.a(_arm_muldivdf3.o)
                              src/main.o (__aeabi_dmul)
c:/program files (x86)/atmel/studio/7.0/toolchain/arm/arm-gnu-toolchain/bin/../lib/gcc/arm-none-eabi/6.3.1/thumb/v7e-m\libgcc.a(_arm_fixdfsi.o)
                              src/main.o (__aeabi_d2iz)
c:/program files (x86)/atmel/studio/7.0/toolchain/arm/arm-gnu-toolchain/bin/../lib/gcc/arm-none-eabi/6.3.1/../../../../arm-none-eabi/lib/thumb/v7e-m\libc.a(lib_a-exit.o)
                              c:/program files (x86)/atmel/studio/7.0/toolchain/arm/arm-gnu-toolchain/bin/../lib/gcc/arm-none-eabi/6.3.1/../../../../arm-none-eabi/lib/thumb/v7e-m/crt0.o (exit)
c:/program files (x86)/atmel/studio/7.0/toolchain/arm/arm-gnu-toolchain/bin/../lib/gcc/arm-none-eabi/6.3.1/../../../../arm-none-eabi/lib/thumb/v7e-m\libc.a(lib_a-impure.o)
                              c:/program files (x86)/atmel/studio/7.0/toolchain/arm/arm-gnu-toolchain/bin/../lib/gcc/arm-none-eabi/6.3.1/../../../../arm-none-eabi/lib/thumb/v7e-m\libc.a(lib_a-exit.o) (_global_impure_ptr)
c:/program files (x86)/atmel/studio/7.0/toolchain/arm/arm-gnu-toolchain/bin/../lib/gcc/arm-none-eabi/6.3.1/../../../../arm-none-eabi/lib/thumb/v7e-m\libc.a(lib_a-init.o)
                              c:/program files (x86)/atmel/studio/7.0/toolchain/arm/arm-gnu-toolchain/bin/../lib/gcc/arm-none-eabi/6.3.1/../../../../arm-none-eabi/lib/thumb/v7e-m/crt0.o (__libc_init_array)
c:/program files (x86)/atmel/studio/7.0/toolchain/arm/arm-gnu-toolchain/bin/../lib/gcc/arm-none-eabi/6.3.1/../../../../arm-none-eabi/lib/thumb/v7e-m\libc.a(lib_a-memset.o)
                              c:/program files (x86)/atmel/studio/7.0/toolchain/arm/arm-gnu-toolchain/bin/../lib/gcc/arm-none-eabi/6.3.1/../../../../arm-none-eabi/lib/thumb/v7e-m/crt0.o (memset)
c:/program files (x86)/atmel/studio/7.0/toolchain/arm/arm-gnu-toolchain/bin/../lib/gcc/arm-none-eabi/6.3.1/../../../../arm-none-eabi/lib/thumb/v7e-m\libc.a(lib_a-setbuf.o)
                              src/main.o (setbuf)
c:/program files (x86)/atmel/studio/7.0/toolchain/arm/arm-gnu-toolchain/bin/../lib/gcc/arm-none-eabi/6.3.1/../../../../arm-none-eabi/lib/thumb/v7e-m\libc.a(lib_a-setvbuf.o)
                              c:/program files (x86)/atmel/studio/7.0/toolchain/arm/arm-gnu-toolchain/bin/../lib/gcc/arm-none-eabi/6.3.1/../../../../arm-none-eabi/lib/thumb/v7e-m\libc.a(lib_a-setbuf.o) (setvbuf)
c:/program files (x86)/atmel/studio/7.0/toolchain/arm/arm-gnu-toolchain/bin/../lib/gcc/arm-none-eabi/6.3.1/../../../../arm-none-eabi/lib/thumb/v7e-m\libc.a(lib_a-__call_atexit.o)
                              c:/program files (x86)/atmel/studio/7.0/toolchain/arm/arm-gnu-toolchain/bin/../lib/gcc/arm-none-eabi/6.3.1/../../../../arm-none-eabi/lib/thumb/v7e-m\libc.a(lib_a-exit.o) (__call_exitprocs)
c:/program files (x86)/atmel/studio/7.0/toolchain/arm/arm-gnu-toolchain/bin/../lib/gcc/arm-none-eabi/6.3.1/../../../../arm-none-eabi/lib/thumb/v7e-m\libc.a(lib_a-atexit.o)
                              c:/program files (x86)/atmel/studio/7.0/toolchain/arm/arm-gnu-toolchain/bin/../lib/gcc/arm-none-eabi/6.3.1/../../../../arm-none-eabi/lib/thumb/v7e-m\libc.a(lib_a-__call_atexit.o) (atexit)
c:/program files (x86)/atmel/studio/7.0/toolchain/arm/arm-gnu-toolchain/bin/../lib/gcc/arm-none-eabi/6.3.1/../../../../arm-none-eabi/lib/thumb/v7e-m\libc.a(lib_a-fflush.o)
                              c:/program files (x86)/atmel/studio/7.0/toolchain/arm/arm-gnu-toolchain/bin/../lib/gcc/arm-none-eabi/6.3.1/../../../../arm-none-eabi/lib/thumb/v7e-m\libc.a(lib_a-setvbuf.o) (_fflush_r)
c:/program files (x86)/atmel/studio/7.0/toolchain/arm/arm-gnu-toolchain/bin/../lib/gcc/arm-none-eabi/6.3.1/../../../../arm-none-eabi/lib/thumb/v7e-m\libc.a(lib_a-findfp.o)
                              c:/program files (x86)/atmel/studio/7.0/toolchain/arm/arm-gnu-toolchain/bin/../lib/gcc/arm-none-eabi/6.3.1/../../../../arm-none-eabi/lib/thumb/v7e-m\libc.a(lib_a-setvbuf.o) (__sinit)
c:/program files (x86)/atmel/studio/7.0/toolchain/arm/arm-gnu-toolchain/bin/../lib/gcc/arm-none-eabi/6.3.1/../../../../arm-none-eabi/lib/thumb/v7e-m\libc.a(lib_a-fini.o)
                              c:/program files (x86)/atmel/studio/7.0/toolchain/arm/arm-gnu-toolchain/bin/../lib/gcc/arm-none-eabi/6.3.1/../../../../arm-none-eabi/lib/thumb/v7e-m\libc.a(lib_a-__call_atexit.o) (__libc_fini_array)
c:/program files (x86)/atmel/studio/7.0/toolchain/arm/arm-gnu-toolchain/bin/../lib/gcc/arm-none-eabi/6.3.1/../../../../arm-none-eabi/lib/thumb/v7e-m\libc.a(lib_a-freer.o)
[...]
Memory Configuration

Name             Origin             Length             Attributes
rom              0x00400000         0x00200000         xr
ram              0x20400000         0x00060000         xrw
*default*        0x00000000         0xffffffff

Linker script and memory map

LOAD c:/program files (x86)/atmel/studio/7.0/toolchain/arm/arm-gnu-toolchain/bin/../lib/gcc/arm-none-eabi/6.3.1/thumb/v7e-m/crti.o
LOAD c:/program files (x86)/atmel/studio/7.0/toolchain/arm/arm-gnu-toolchain/bin/../lib/gcc/arm-none-eabi/6.3.1/thumb/v7e-m/crtbegin.o
LOAD c:/program files (x86)/atmel/studio/7.0/toolchain/arm/arm-gnu-toolchain/bin/../lib/gcc/arm-none-eabi/6.3.1/../../../../arm-none-eabi/lib/thumb/v7e-m/crt0.o
LOAD src/ASF/common/services/serial/usart_serial.o
LOAD src/ASF/common/utils/stdio/read.o
LOAD src/ASF/common/utils/stdio/write.o
LOAD src/ASF/sam/drivers/rtt/rtt.o
LOAD src/ASF/sam/drivers/spi/spi.o
LOAD src/ASF/sam/drivers/tc/tc.o
LOAD src/ASF/sam/drivers/uart/uart.o
LOAD src/ASF/sam/drivers/usart/usart.o
LOAD src/oled/gfx_mono_framebuffer.o
LOAD src/oled/gfx_mono_generic.o
LOAD src/oled/gfx_mono_text.o
LOAD src/oled/gfx_mono_ug_2832hsweg04.o
LOAD src/oled/ssd1306.o
LOAD src/oled/sysfont.o
LOAD src/ASF/common/services/delay/sam/cycle_counter.o
LOAD src/ASF/common/services/clock/same70/sysclk.o
LOAD src/ASF/common/utils/interrupt/interrupt_sam_nvic.o
LOAD src/ASF/sam/boards/same70_xplained/init.o
LOAD src/ASF/sam/drivers/mpu/mpu.o
LOAD src/ASF/sam/drivers/pio/pio.o
LOAD src/ASF/sam/drivers/pio/pio_handler.o
LOAD src/ASF/sam/drivers/pmc/pmc.o
LOAD src/ASF/sam/drivers/pmc/sleep.o
LOAD src/ASF/sam/utils/cmsis/same70/source/templates/gcc/startup_same70.o
LOAD src/ASF/sam/utils/cmsis/same70/source/templates/system_same70.o
LOAD src/ASF/sam/utils/syscalls/gcc/syscalls.o
LOAD src/main.o
START GROUP
LOAD ../src/ASF/thirdparty/CMSIS/Lib/GCC\libarm_cortexM7lfsp_math_softfp.a
LOAD c:/program files (x86)/atmel/studio/7.0/toolchain/arm/arm-gnu-toolchain/bin/../lib/gcc/arm-none-eabi/6.3.1/../../../../arm-none-eabi/lib/thumb/v7e-m\libm.a
END GROUP
START GROUP
LOAD c:/program files (x86)/atmel/studio/7.0/toolchain/arm/arm-gnu-toolchain/bin/../lib/gcc/arm-none-eabi/6.3.1/thumb/v7e-m\libgcc.a
LOAD c:/program files (x86)/atmel/studio/7.0/toolchain/arm/arm-gnu-toolchain/bin/../lib/gcc/arm-none-eabi/6.3.1/../../../../arm-none-eabi/lib/thumb/v7e-m\libc.a
END GROUP
LOAD c:/program files (x86)/atmel/studio/7.0/toolchain/arm/arm-gnu-toolchain/bin/../lib/gcc/arm-none-eabi/6.3.1/thumb/v7e-m/crtend.o
LOAD c:/program files (x86)/atmel/studio/7.0/toolchain/arm/arm-gnu-toolchain/bin/../lib/gcc/arm-none-eabi/6.3.1/thumb/v7e-m/crtn.o
                0x00002000                STACK_SIZE = DEFINED (STACK_SIZE)?STACK_SIZE:0x2000
                0x2045fffc                __ram_end__ = ((ORIGIN (ram) + LENGTH (ram)) - 0x4)
                0x00000200                HEAP_SIZE = DEFINED (HEAP_SIZE)?HEAP_SIZE:0x200

.text           0x00400000     0x3b98
                0x00400000                . = ALIGN (0x4)
                0x00400000                _sfixed = .
 *(.vectors .vectors.*)
 .vectors       0x00400000      0x140 src/ASF/sam/utils/cmsis/same70/source/templates/gcc/startup_same70.o
                0x00400000                exception_table
 *(.text .text.* .gnu.linkonce.t.*)
 .text          0x00400140       0x6c c:/program files (x86)/atmel/studio/7.0/toolchain/arm/arm-gnu-toolchain/bin/../lib/gcc/arm-none-eabi/6.3.1/thumb/v7e-m/crtbegin.o
 .text._read    0x004001ac       0x3c src/ASF/common/utils/stdio/read.o
                0x004001ac                _read
 .text._write   0x004001e8       0x50 src/ASF/common/utils/stdio/write.o
                0x004001e8                _write
 .text.rtt_init
                0x00400238       0x14 src/ASF/sam/drivers/rtt/rtt.o
                0x00400238                rtt_init
 .text.rtt_read_timer_value
                0x0040024c       0x14 src/ASF/sam/drivers/rtt/rtt.o
                0x0040024c                rtt_read_timer_value
 .text.spi_enable_clock
                0x00400260       0x2c src/ASF/sam/drivers/spi/spi.o
                0x00400260                spi_enable_clock
 .text.spi_set_peripheral_chip_select_value
                0x0040028c       0x16 src/ASF/sam/drivers/spi/spi.o
                0x0040028c                spi_set_peripheral_chip_select_value
 .text.spi_write
                0x004002a2       0x34 src/ASF/sam/drivers/spi/spi.o
                0x004002a2                spi_write
 .text.spi_set_clock_polarity
                0x004002d6       0x1e src/ASF/sam/drivers/spi/spi.o
                0x004002d6                spi_set_clock_polarity
 .text.spi_set_clock_phase
                0x004002f4       0x1e src/ASF/sam/drivers/spi/spi.o
                0x004002f4                spi_set_clock_phase
 .text.spi_configure_cs_behavior
                0x00400312       0x46 src/ASF/sam/drivers/spi/spi.o
                0x00400312                spi_configure_cs_behavior
 .text.spi_set_bits_per_transfer
                0x00400358       0x14 src/ASF/sam/drivers/spi/spi.o
                0x00400358                spi_set_bits_per_transfer
 .text.spi_calc_baudrate_div
                0x0040036c       0x16 src/ASF/sam/drivers/spi/spi.o
                0x0040036c                spi_calc_baudrate_div
 .text.spi_set_baudrate_div
                0x00400382       0x28 src/ASF/sam/drivers/spi/spi.o
                0x00400382                spi_set_baudrate_div
 .text.uart_write
                0x004003aa       0x12 src/ASF/sam/drivers/uart/uart.o
                0x004003aa                uart_write
 .text.uart_read
                0x004003bc       0x14 src/ASF/sam/drivers/uart/uart.o
                0x004003bc                uart_read
 .text.usart_set_async_baudrate
                0x004003d0       0x5a src/ASF/sam/drivers/usart/usart.o
                0x004003d0                usart_set_async_baudrate
 *fill*         0x0040042a        0x2 
 .text.usart_reset
                0x0040042c       0x28 src/ASF/sam/drivers/usart/usart.o
                0x0040042c                usart_reset
 .text.usart_init_rs232
                0x00400454       0x54 src/ASF/sam/drivers/usart/usart.o
                0x00400454                usart_init_rs232
 .text.usart_enable_tx
                0x004004a8        0x6 src/ASF/sam/drivers/usart/usart.o
                0x004004a8                usart_enable_tx
 .text.usart_enable_rx
                0x004004ae        0x6 src/ASF/sam/drivers/usart/usart.o
                0x004004ae                usart_enable_rx
 .text.usart_write
                0x004004b4       0x16 src/ASF/sam/drivers/usart/usart.o
                0x004004b4                usart_write
 .text.usart_read
                0x004004ca       0x18 src/ASF/sam/drivers/usart/usart.o
                0x004004ca                usart_read
 *fill*         0x004004e2        0x2 
 .text.gfx_mono_set_framebuffer
                0x004004e4        0xc src/oled/gfx_mono_framebuffer.o
                0x004004e4                gfx_mono_set_framebuffer
 .text.gfx_mono_framebuffer_put_byte
                0x004004f0       0x10 src/oled/gfx_mono_framebuffer.o
                0x004004f0                gfx_mono_framebuffer_put_byte
 .text.gfx_mono_framebuffer_get_byte
                0x00400500       0x10 src/oled/gfx_mono_framebuffer.o
                0x00400500                gfx_mono_framebuffer_get_byte
 .text.gfx_mono_generic_draw_horizontal_line
                0x00400510       0xd0 src/oled/gfx_mono_generic.o
                0x00400510                gfx_mono_generic_draw_horizontal_line
 .text.gfx_mono_generic_draw_filled_rect
                0x004005e0       0x38 src/oled/gfx_mono_generic.o
                0x004005e0                gfx_mono_generic_draw_filled_rect
 .text.gfx_mono_draw_char
                0x00400618       0xac src/oled/gfx_mono_text.o
                0x00400618                gfx_mono_draw_char
 .text.gfx_mono_draw_string
                0x004006c4       0x48 src/oled/gfx_mono_text.o
                0x004006c4                gfx_mono_draw_string
 .text.gfx_mono_ssd1306_put_byte
                0x0040070c       0x50 src/oled/gfx_mono_ug_2832hsweg04.o
                0x0040070c                gfx_mono_ssd1306_put_byte
 .text.gfx_mono_ssd1306_init
                0x0040075c       0x50 src/oled/gfx_mono_ug_2832hsweg04.o
                0x0040075c                gfx_mono_ssd1306_init
 .text.gfx_mono_ssd1306_draw_pixel
                0x004007ac       0x64 src/oled/gfx_mono_ug_2832hsweg04.o
                0x004007ac                gfx_mono_ssd1306_draw_pixel
 .text.gfx_mono_ssd1306_get_byte
                0x00400810        0xc src/oled/gfx_mono_ug_2832hsweg04.o
                0x00400810                gfx_mono_ssd1306_get_byte
 .text.ssd1306_write_command
                0x0040081c       0x40 src/oled/ssd1306.o
                0x0040081c                ssd1306_write_command
 .text.ssd1306_init
                0x0040085c      0x1e0 src/oled/ssd1306.o
                0x0040085c                ssd1306_init
 .text.ssd1306_write_data
                0x00400a3c       0x40 src/oled/ssd1306.o
                0x00400a3c                ssd1306_write_data
 .text.sysclk_init
                0x00400a7c       0x70 src/ASF/common/services/clock/same70/sysclk.o
                0x00400a7c                sysclk_init
 .text.board_init
                0x00400aec      0x140 src/ASF/sam/boards/same70_xplained/init.o
                0x00400aec                board_init
 .text.pio_set  0x00400c2c        0x4 src/ASF/sam/drivers/pio/pio.o
                0x00400c2c                pio_set
 .text.pio_clear
                0x00400c30        0x4 src/ASF/sam/drivers/pio/pio.o
                0x00400c30                pio_clear
 .text.pio_set_peripheral
                0x00400c34       0x92 src/ASF/sam/drivers/pio/pio.o
                0x00400c34                pio_set_peripheral
 .text.pio_set_input
                0x00400cc6       0x36 src/ASF/sam/drivers/pio/pio.o
                0x00400cc6                pio_set_input
 .text.pio_set_output
                0x00400cfc       0x28 src/ASF/sam/drivers/pio/pio.o
                0x00400cfc                pio_set_output
 .text.pio_configure
                0x00400d24       0x90 src/ASF/sam/drivers/pio/pio.o
                0x00400d24                pio_configure
 .text.pio_configure_interrupt
                0x00400db4       0x32 src/ASF/sam/drivers/pio/pio.o
                0x00400db4                pio_configure_interrupt
 .text.pio_enable_interrupt
                0x00400de6        0x4 src/ASF/sam/drivers/pio/pio.o
                0x00400de6                pio_enable_interrupt
 .text.pio_get_interrupt_status
                0x00400dea        0x4 src/ASF/sam/drivers/pio/pio.o
                0x00400dea                pio_get_interrupt_status
 .text.pio_get_interrupt_mask
                0x00400dee        0x4 src/ASF/sam/drivers/pio/pio.o
                0x00400dee                pio_get_interrupt_mask
 *fill*         0x00400df2        0x2 
 .text.pio_handler_process
                0x00400df4       0x50 src/ASF/sam/drivers/pio/pio_handler.o
                0x00400df4                pio_handler_process
 .text.pio_handler_set
                0x00400e44       0x70 src/ASF/sam/drivers/pio/pio_handler.o
                0x00400e44                pio_handler_set
 .text.PIOA_Handler
                0x00400eb4       0x14 src/ASF/sam/drivers/pio/pio_handler.o
                0x00400eb4                PIOA_Handler
 .text.PIOB_Handler
                0x00400ec8       0x14 src/ASF/sam/drivers/pio/pio_handler.o
                0x00400ec8                PIOB_Handler
 .text.PIOC_Handler
                0x00400edc       0x14 src/ASF/sam/drivers/pio/pio_handler.o
                0x00400edc                PIOC_Handler
 .text.PIOD_Handler
                0x00400ef0       0x14 src/ASF/sam/drivers/pio/pio_handler.o
                0x00400ef0                PIOD_Handler
 .text.PIOE_Handler
                0x00400f04       0x14 src/ASF/sam/drivers/pio/pio_handler.o
                0x00400f04                PIOE_Handler
 .text.pmc_mck_set_division
                0x00400f18       0x38 src/ASF/sam/drivers/pmc/pmc.o
                0x00400f18                pmc_mck_set_division
 .text.pmc_switch_mck_to_pllack
                0x00400f50       0x64 src/ASF/sam/drivers/pmc/pmc.o
                0x00400f50                pmc_switch_mck_to_pllack
 .text.pmc_switch_mainck_to_xtal
                0x00400fb4       0x54 src/ASF/sam/drivers/pmc/pmc.o
                0x00400fb4                pmc_switch_mainck_to_xtal
 .text.pmc_osc_is_ready_mainck
                0x00401008       0x10 src/ASF/sam/drivers/pmc/pmc.o
                0x00401008                pmc_osc_is_ready_mainck
 .text.pmc_disable_pllack
                0x00401018       0x10 src/ASF/sam/drivers/pmc/pmc.o
                0x00401018                pmc_disable_pllack
 .text.pmc_is_locked_pllack
                0x00401028       0x10 src/ASF/sam/drivers/pmc/pmc.o
                0x00401028                pmc_is_locked_pllack
 .text.pmc_enable_periph_clk
                0x00401038       0x54 src/ASF/sam/drivers/pmc/pmc.o
                0x00401038                pmc_enable_periph_clk
 .text.Dummy_Handler
                0x0040108c        0x2 src/ASF/sam/utils/cmsis/same70/source/templates/gcc/startup_same70.o
                0x0040108c                DACC_Handler
                0x0040108c                DebugMon_Handler
                0x0040108c                UART3_Handler
                0x0040108c                UART2_Handler
                0x0040108c                TRNG_Handler
                0x0040108c                HardFault_Handler
                0x0040108c                TC2_Handler
                0x0040108c                SysTick_Handler
                0x0040108c                AFEC1_Handler
                0x0040108c                PendSV_Handler
                0x0040108c                NMI_Handler
                0x0040108c                TC7_Handler
                0x0040108c                QSPI_Handler
                0x0040108c                ISI_Handler
                0x0040108c                TC9_Handler
                0x0040108c                RSWDT_Handler
                0x0040108c                MCAN1_Handler
                0x0040108c                USART0_Handler
                0x0040108c                RTT_Handler
                0x0040108c                USBHS_Handler
                0x0040108c                RTC_Handler
                0x0040108c                UsageFault_Handler
                0x0040108c                TC6_Handler
                0x0040108c                WDT_Handler
                0x0040108c                TC4_Handler
                0x0040108c                TC1_Handler
                0x0040108c                HSMCI_Handler
                0x0040108c                UART1_Handler
                0x0040108c                TC3_Handler
                0x0040108c                Dummy_Handler
                0x0040108c                TWIHS1_Handler
                0x0040108c                XDMAC_Handler
                0x0040108c                UART4_Handler
                0x0040108c                PWM1_Handler
                0x0040108c                USART1_Handler
                0x0040108c                PWM0_Handler
                0x0040108c                AFEC0_Handler
                0x0040108c                SSC_Handler
                0x0040108c                TC11_Handler
                0x0040108c                ACC_Handler
                0x0040108c                PMC_Handler
                0x0040108c                GMAC_Handler
                0x0040108c                MemManage_Handler
                0x0040108c                SUPC_Handler
                0x0040108c                SVC_Handler
                0x0040108c                TC8_Handler
                0x0040108c                EFC_Handler
                0x0040108c                USART2_Handler
                0x0040108c                SDRAMC_Handler
                0x0040108c                SPI1_Handler
                0x0040108c                MCAN0_Handler
                0x0040108c                TC10_Handler
                0x0040108c                TWIHS2_Handler
                0x0040108c                UART0_Handler
                0x0040108c                BusFault_Handler
                0x0040108c                RSTC_Handler
                0x0040108c                TC0_Handler
                0x0040108c                TC5_Handler
                0x0040108c                ICM_Handler
                0x0040108c                AES_Handler
                0x0040108c                TWIHS0_Handler
                0x0040108c                SPI0_Handler
 *fill*         0x0040108e        0x2 
 .text.Reset_Handler
                0x00401090       0xc8 src/ASF/sam/utils/cmsis/same70/source/templates/gcc/startup_same70.o
                0x00401090                Reset_Handler
 .text.SystemCoreClockUpdate
                0x00401158      0x10c src/ASF/sam/utils/cmsis/same70/source/templates/system_same70.o
                0x00401158                SystemCoreClockUpdate
 .text.system_init_flash
                0x00401264       0x8c src/ASF/sam/utils/cmsis/same70/source/templates/system_same70.o
                0x00401264                system_init_flash
 .text._sbrk    0x004012f0       0x38 src/ASF/sam/utils/syscalls/gcc/syscalls.o
                0x004012f0                _sbrk
 .text._close   0x00401328        0x6 src/ASF/sam/utils/syscalls/gcc/syscalls.o
                0x00401328                _close
 .text._fstat   0x0040132e        0xa src/ASF/sam/utils/syscalls/gcc/syscalls.o
                0x0040132e                _fstat
 .text._lseek   0x00401338        0x4 src/ASF/sam/utils/syscalls/gcc/syscalls.o
                0x00401338                _lseek
 .text.but_callback
                0x0040133c        0xc src/main.o
                0x0040133c                but_callback
 .text.callback_echo
                0x00401348       0x14 src/main.o
                0x00401348                callback_echo
 .text.usart_serial_getchar
                0x0040135c       0xdc src/main.o
 .text.usart_serial_putchar
                0x00401438       0xd4 src/main.o
 .text.atualiza_graf
                0x0040150c       0x1c src/main.o
                0x0040150c                atualiza_graf
 .text.io_init  0x00401528       0xd8 src/main.o
                0x00401528                io_init
 .text.main     0x00401600      0x238 src/main.o
                0x00401600                main
 .text          0x00401838      0x370 c:/program files (x86)/atmel/studio/7.0/toolchain/arm/arm-gnu-toolchain/bin/../lib/gcc/arm-none-eabi/6.3.1/thumb/v7e-m\libgcc.a(_arm_addsubdf3.o)
                0x00401838                __aeabi_drsub
                0x00401840                __aeabi_dsub
                0x00401840                __subdf3
                0x00401844                __aeabi_dadd
                0x00401844                __adddf3
                0x00401abc                __floatunsidf
                0x00401abc                __aeabi_ui2d
                0x00401adc                __floatsidf
                0x00401adc                __aeabi_i2d
                0x00401b00                __aeabi_f2d
                0x00401b00                __extendsfdf2
                0x00401b3c                __floatundidf
                0x00401b3c                __aeabi_ul2d
                0x00401b4c                __floatdidf
                0x00401b4c                __aeabi_l2d
 .text          0x00401ba8      0x424 c:/program files (x86)/atmel/studio/7.0/toolchain/arm/arm-gnu-toolchain/bin/../lib/gcc/arm-none-eabi/6.3.1/thumb/v7e-m\libgcc.a(_arm_muldivdf3.o)
                0x00401ba8                __aeabi_dmul
                0x00401ba8                __muldf3
                0x00401dfc                __divdf3
                0x00401dfc                __aeabi_ddiv
 .text          0x00401fcc       0x50 c:/program files (x86)/atmel/studio/7.0/toolchain/arm/arm-gnu-toolchain/bin/../lib/gcc/arm-none-eabi/6.3.1/thumb/v7e-m\libgcc.a(_arm_fixdfsi.o)
                0x00401fcc                __aeabi_d2iz
                0x00401fcc                __fixdfsi
 .text.__libc_init_array
                0x0040201c       0x50 c:/program files (x86)/atmel/studio/7.0/toolchain/arm/arm-gnu-toolchain/bin/../lib/gcc/arm-none-eabi/6.3.1/../../../../arm-none-eabi/lib/thumb/v7e-m\libc.a(lib_a-init.o)
                0x0040201c                __libc_init_array
 .text.memset   0x0040206c       0x9c c:/program files (x86)/atmel/studio/7.0/toolchain/arm/arm-gnu-toolchain/bin/../lib/gcc/arm-none-eabi/6.3.1/../../../../arm-none-eabi/lib/thumb/v7e-m\libc.a(lib_a-memset.o)
                0x0040206c                memset
 .text.setbuf   0x00402108       0x10 c:/program files (x86)/atmel/studio/7.0/toolchain/arm/arm-gnu-toolchain/bin/../lib/gcc/arm-none-eabi/6.3.1/../../../../arm-none-eabi/lib/thumb/v7e-m\libc.a(lib_a-setbuf.o)
                0x00402108                setbuf
 .text.setvbuf  0x00402118      0x190 c:/program files (x86)/atmel/studio/7.0/toolchain/arm/arm-gnu-toolchain/bin/../lib/gcc/arm-none-eabi/6.3.1/../../../../arm-none-eabi/lib/thumb/v7e-m\libc.a(lib_a-setvbuf.o)
                0x00402118                setvbuf
 .text.startup.register_fini
                0x004022a8       0x14 c:/program files (x86)/atmel/studio/7.0/toolchain/arm/arm-gnu-toolchain/bin/../lib/gcc/arm-none-eabi/6.3.1/../../../../arm-none-eabi/lib/thumb/v7e-m\libc.a(lib_a-__call_atexit.o)
 .text.atexit   0x004022bc        0xc c:/program files (x86)/atmel/studio/7.0/toolchain/arm/arm-gnu-toolchain/bin/../lib/gcc/arm-none-eabi/6.3.1/../../../../arm-none-eabi/lib/thumb/v7e-m\libc.a(lib_a-atexit.o)
                0x004022bc                atexit
 .text.__sflush_r
                0x004022c8      0x140 c:/program files (x86)/atmel/studio/7.0/toolchain/arm/arm-gnu-toolchain/bin/../lib/gcc/arm-none-eabi/6.3.1/../../../../arm-none-eabi/lib/thumb/v7e-m\libc.a(lib_a-fflush.o)
                0x004022c8                __sflush_r
 .text._fflush_r
                0x00402408       0x54 c:/program files (x86)/atmel/studio/7.0/toolchain/arm/arm-gnu-toolchain/bin/../lib/gcc/arm-none-eabi/6.3.1/../../../../arm-none-eabi/lib/thumb/v7e-m\libc.a(lib_a-fflush.o)
                0x00402408                _fflush_r
 .text._cleanup_r
                0x0040245c        0xc c:/program files (x86)/atmel/studio/7.0/toolchain/arm/arm-gnu-toolchain/bin/../lib/gcc/arm-none-eabi/6.3.1/../../../../arm-none-eabi/lib/thumb/v7e-m\libc.a(lib_a-findfp.o)
                0x0040245c                _cleanup_r
 .text.std.isra.0
                0x00402468       0x50 c:/program files (x86)/atmel/studio/7.0/toolchain/arm/arm-gnu-toolchain/bin/../lib/gcc/arm-none-eabi/6.3.1/../../../../arm-none-eabi/lib/thumb/v7e-m\libc.a(lib_a-findfp.o)
 .text.__sinit  0x004024b8       0x58 c:/program files (x86)/atmel/studio/7.0/toolchain/arm/arm-gnu-toolchain/bin/../lib/gcc/arm-none-eabi/6.3.1/../../../../arm-none-eabi/lib/thumb/v7e-m\libc.a(lib_a-findfp.o)
                0x004024b8                __sinit
 .text.__sfp_lock_acquire
                0x00402510        0xc c:/program files (x86)/atmel/studio/7.0/toolchain/arm/arm-gnu-toolchain/bin/../lib/gcc/arm-none-eabi/6.3.1/../../../../arm-none-eabi/lib/thumb/v7e-m\libc.a(lib_a-findfp.o)
                0x00402510                __sfp_lock_acquire
 .text.__sfp_lock_release
                0x0040251c        0xc c:/program files (x86)/atmel/studio/7.0/toolchain/arm/arm-gnu-toolchain/bin/../lib/gcc/arm-none-eabi/6.3.1/../../../../arm-none-eabi/lib/thumb/v7e-m\libc.a(lib_a-findfp.o)
                0x0040251c                __sfp_lock_release
 .text.__libc_fini_array
                0x00402528       0x34 c:/program files (x86)/atmel/studio/7.0/toolchain/arm/arm-gnu-toolchain/bin/../lib/gcc/arm-none-eabi/6.3.1/../../../../arm-none-eabi/lib/thumb/v7e-m\libc.a(lib_a-fini.o)
                0x00402528                __libc_fini_array
 .text._malloc_trim_r
                0x0040255c       0xa0 c:/program files (x86)/atmel/studio/7.0/toolchain/arm/arm-gnu-toolchain/bin/../lib/gcc/arm-none-eabi/6.3.1/../../../../arm-none-eabi/lib/thumb/v7e-m\libc.a(lib_a-freer.o)
                0x0040255c                _malloc_trim_r
 .text._free_r  0x004025fc      0x1cc c:/program files (x86)/atmel/studio/7.0/toolchain/arm/arm-gnu-toolchain/bin/../lib/gcc/arm-none-eabi/6.3.1/../../../../arm-none-eabi/lib/thumb/v7e-m\libc.a(lib_a-freer.o)
                0x004025fc                _free_r
 .text._fwalk_reent
                0x004027c8       0x54 c:/program files (x86)/atmel/studio/7.0/toolchain/arm/arm-gnu-toolchain/bin/../lib/gcc/arm-none-eabi/6.3.1/../../../../arm-none-eabi/lib/thumb/v7e-m\libc.a(lib_a-fwalk.o)
                0x004027c8                _fwalk_reent
 .text.__retarget_lock_init_recursive
                0x0040281c        0x4 c:/program files (x86)/atmel/studio/7.0/toolchain/arm/arm-gnu-toolchain/bin/../lib/gcc/arm-none-eabi/6.3.1/../../../../arm-none-eabi/lib/thumb/v7e-m\libc.a(lib_a-lock.o)
                0x0040281c                __retarget_lock_init_recursive
 .text.__retarget_lock_close_recursive
                0x00402820        0x4 c:/program files (x86)/atmel/studio/7.0/toolchain/arm/arm-gnu-toolchain/bin/../lib/gcc/arm-none-eabi/6.3.1/../../../../arm-none-eabi/lib/thumb/v7e-m\libc.a(lib_a-lock.o)
                0x00402820                __retarget_lock_close_recursive
 .text.__retarget_lock_acquire_recursive
                0x00402824        0x4 c:/program files (x86)/atmel/studio/7.0/toolchain/arm/arm-gnu-toolchain/bin/../lib/gcc/arm-none-eabi/6.3.1/../../../../arm-none-eabi/lib/thumb/v7e-m\libc.a(lib_a-lock.o)
                0x00402824                __retarget_lock_acquire_recursive
 .text.__retarget_lock_release_recursive
                0x00402828        0x4 c:/program files (x86)/atmel/studio/7.0/toolchain/arm/arm-gnu-toolchain/bin/../lib/gcc/arm-none-eabi/6.3.1/../../../../arm-none-eabi/lib/thumb/v7e-m\libc.a(lib_a-lock.o)
                0x00402828                __retarget_lock_release_recursive
 .text.__swhatbuf_r
                0x0040282c       0x5c c:/program files (x86)/atmel/studio/7.0/toolchain/arm/arm-gnu-toolchain/bin/../lib/gcc/arm-none-eabi/6.3.1/../../../../arm-none-eabi/lib/thumb/v7e-m\libc.a(lib_a-makebuf.o)
                0x0040282c                __swhatbuf_r
 .text.malloc   0x00402888       0x10 c:/program files (x86)/atmel/studio/7.0/toolchain/arm/arm-gnu-toolchain/bin/../lib/gcc/arm-none-eabi/6.3.1/../../../../arm-none-eabi/lib/thumb/v7e-m\libc.a(lib_a-malloc.o)
                0x00402888                malloc
 .text._malloc_r
                0x00402898      0x560 c:/program files (x86)/atmel/studio/7.0/toolchain/arm/arm-gnu-toolchain/bin/../lib/gcc/arm-none-eabi/6.3.1/../../../../arm-none-eabi/lib/thumb/v7e-m\libc.a(lib_a-mallocr.o)
                0x00402898                _malloc_r
 .text.__malloc_lock
                0x00402df8        0xc c:/program files (x86)/atmel/studio/7.0/toolchain/arm/arm-gnu-toolchain/bin/../lib/gcc/arm-none-eabi/6.3.1/../../../../arm-none-eabi/lib/thumb/v7e-m\libc.a(lib_a-mlock.o)
                0x00402df8                __malloc_lock
 .text.__malloc_unlock
                0x00402e04        0xc c:/program files (x86)/atmel/studio/7.0/toolchain/arm/arm-gnu-toolchain/bin/../lib/gcc/arm-none-eabi/6.3.1/../../../../arm-none-eabi/lib/thumb/v7e-m\libc.a(lib_a-mlock.o)
                0x00402e04                __malloc_unlock
 .text._sbrk_r  0x00402e10       0x24 c:/program files (x86)/atmel/studio/7.0/toolchain/arm/arm-gnu-toolchain/bin/../lib/gcc/arm-none-eabi/6.3.1/../../../../arm-none-eabi/lib/thumb/v7e-m\libc.a(lib_a-sbrkr.o)
                0x00402e10                _sbrk_r
 .text.__sread  0x00402e34       0x24 c:/program files (x86)/atmel/studio/7.0/toolchain/arm/arm-gnu-toolchain/bin/../lib/gcc/arm-none-eabi/6.3.1/../../../../arm-none-eabi/lib/thumb/v7e-m\libc.a(lib_a-stdio.o)
                0x00402e34                __sread
 .text.__swrite
                0x00402e58       0x3c c:/program files (x86)/atmel/studio/7.0/toolchain/arm/arm-gnu-toolchain/bin/../lib/gcc/arm-none-eabi/6.3.1/../../../../arm-none-eabi/lib/thumb/v7e-m\libc.a(lib_a-stdio.o)
                0x00402e58                __swrite
 .text.__sseek  0x00402e94       0x20 c:/program files (x86)/atmel/studio/7.0/toolchain/arm/arm-gnu-toolchain/bin/../lib/gcc/arm-none-eabi/6.3.1/../../../../arm-none-eabi/lib/thumb/v7e-m\libc.a(lib_a-stdio.o)
                0x00402e94                __sseek
 .text.__sclose
                0x00402eb4        0x8 c:/program files (x86)/atmel/studio/7.0/toolchain/arm/arm-gnu-toolchain/bin/../lib/gcc/arm-none-eabi/6.3.1/../../../../arm-none-eabi/lib/thumb/v7e-m\libc.a(lib_a-stdio.o)
                0x00402eb4                __sclose
 .text._write_r
                0x00402ebc       0x2c c:/program files (x86)/atmel/studio/7.0/toolchain/arm/arm-gnu-toolchain/bin/../lib/gcc/arm-none-eabi/6.3.1/../../../../arm-none-eabi/lib/thumb/v7e-m\libc.a(lib_a-writer.o)
                0x00402ebc                _write_r
 .text.__register_exitproc
                0x00402ee8       0xc4 c:/program files (x86)/atmel/studio/7.0/toolchain/arm/arm-gnu-toolchain/bin/../lib/gcc/arm-none-eabi/6.3.1/../../../../arm-none-eabi/lib/thumb/v7e-m\libc.a(lib_a-__atexit.o)
                0x00402ee8                __register_exitproc
 .text._close_r
                0x00402fac       0x24 c:/program files (x86)/atmel/studio/7.0/toolchain/arm/arm-gnu-toolchain/bin/../lib/gcc/arm-none-eabi/6.3.1/../../../../arm-none-eabi/lib/thumb/v7e-m\libc.a(lib_a-closer.o)
                0x00402fac                _close_r
 .text._fclose_r
                0x00402fd0       0xc4 c:/program files (x86)/atmel/studio/7.0/toolchain/arm/arm-gnu-toolchain/bin/../lib/gcc/arm-none-eabi/6.3.1/../../../../arm-none-eabi/lib/thumb/v7e-m\libc.a(lib_a-fclose.o)
                0x00402fd0                _fclose_r
 .text._fstat_r
                0x00403094       0x28 c:/program files (x86)/atmel/studio/7.0/toolchain/arm/arm-gnu-toolchain/bin/../lib/gcc/arm-none-eabi/6.3.1/../../../../arm-none-eabi/lib/thumb/v7e-m\libc.a(lib_a-fstatr.o)
                0x00403094                _fstat_r
 .text._lseek_r
                0x004030bc       0x2c c:/program files (x86)/atmel/studio/7.0/toolchain/arm/arm-gnu-toolchain/bin/../lib/gcc/arm-none-eabi/6.3.1/../../../../arm-none-eabi/lib/thumb/v7e-m\libc.a(lib_a-lseekr.o)
                0x004030bc                _lseek_r
 .text._read_r  0x004030e8       0x2c c:/program files (x86)/atmel/studio/7.0/toolchain/arm/arm-gnu-toolchain/bin/../lib/gcc/arm-none-eabi/6.3.1/../../../../arm-none-eabi/lib/thumb/v7e-m\libc.a(lib_a-readr.o)
                0x004030e8                _read_r
 *(.glue_7t)
 .glue_7t       0x00403114        0x0 linker stubs
 *(.glue_7)
 .glue_7        0x00403114        0x0 linker stubs
 *(.rodata .rodata* .gnu.linkonce.r.*)
 .rodata.sysfont_glyphs
                0x00403114      0xa48 src/oled/sysfont.o
 .rodata.main.str1.4
                0x00403b5c       0x14 src/main.o
                                 0x12 (size before relaxing)
 .rodata._global_impure_ptr
                0x00403b70        0x4 c:/program files (x86)/atmel/studio/7.0/toolchain/arm/arm-gnu-toolchain/bin/../lib/gcc/arm-none-eabi/6.3.1/../../../../arm-none-eabi/lib/thumb/v7e-m\libc.a(lib_a-impure.o)
                0x00403b70                _global_impure_ptr
 *(.ARM.extab* .gnu.linkonce.armextab.*)
                0x00403b74                . = ALIGN (0x4)
 *(.init)
 .init          0x00403b74        0x4 c:/program files (x86)/atmel/studio/7.0/toolchain/arm/arm-gnu-toolchain/bin/../lib/gcc/arm-none-eabi/6.3.1/thumb/v7e-m/crti.o
                0x00403b74                _init
 .init          0x00403b78        0x8 c:/program files (x86)/atmel/studio/7.0/toolchain/arm/arm-gnu-toolchain/bin/../lib/gcc/arm-none-eabi/6.3.1/thumb/v7e-m/crtn.o
                0x00403b80                . = ALIGN (0x4)
                0x00403b80                __preinit_array_start = .
 *(.preinit_array)
                0x00403b80                __preinit_array_end = .
                0x00403b80                . = ALIGN (0x4)
                0x00403b80                __init_array_start = .
 *(SORT(.init_array.*))
 .init_array.00000
                0x00403b80        0x4 c:/program files (x86)/atmel/studio/7.0/toolchain/arm/arm-gnu-toolchain/bin/../lib/gcc/arm-none-eabi/6.3.1/../../../../arm-none-eabi/lib/thumb/v7e-m\libc.a(lib_a-__call_atexit.o)
 *(.init_array)
 .init_array    0x00403b84        0x4 c:/program files (x86)/atmel/studio/7.0/toolchain/arm/arm-gnu-toolchain/bin/../lib/gcc/arm-none-eabi/6.3.1/thumb/v7e-m/crtbegin.o
                0x00403b88                __init_array_end = .
                0x00403b88                . = ALIGN (0x4)
 *crtbegin.o(.ctors)
 *(EXCLUDE_FILE(*crtend.o) .ctors)
 *(SORT(.ctors.*))
 *crtend.o(.ctors)
                0x00403b88                . = ALIGN (0x4)
 *(.fini)
 .fini          0x00403b88        0x4 c:/program files (x86)/atmel/studio/7.0/toolchain/arm/arm-gnu-toolchain/bin/../lib/gcc/arm-none-eabi/6.3.1/thumb/v7e-m/crti.o
                0x00403b88                _fini
 .fini          0x00403b8c        0x8 c:/program files (x86)/atmel/studio/7.0/toolchain/arm/arm-gnu-toolchain/bin/../lib/gcc/arm-none-eabi/6.3.1/thumb/v7e-m/crtn.o
                0x00403b94                . = ALIGN (0x4)
                0x00403b94                __fini_array_start = .
 *(.fini_array)
 .fini_array    0x00403b94        0x4 c:/program files (x86)/atmel/studio/7.0/toolchain/arm/arm-gnu-toolchain/bin/../lib/gcc/arm-none-eabi/6.3.1/thumb/v7e-m/crtbegin.o
 *(SORT(.fini_array.*))
                0x00403b98                __fini_array_end = .
 *crtbegin.o(.dtors)
 *(EXCLUDE_FILE(*crtend.o) .dtors)
 *(SORT(.dtors.*))
 *crtend.o(.dtors)
                0x00403b98                . = ALIGN (0x4)
                0x00403b98                _efixed = .
                [!provide]                PROVIDE (__exidx_start, .)

.vfp11_veneer   0x00403b98        0x0
 .vfp11_veneer  0x00403b98        0x0 linker stubs

.v4_bx          0x00403b98        0x0
 .v4_bx         0x00403b98        0x0 linker stubs

.iplt           0x00403b98        0x0
 .iplt          0x00403b98        0x0 c:/program files (x86)/atmel/studio/7.0/toolchain/arm/arm-gnu-toolchain/bin/../lib/gcc/arm-none-eabi/6.3.1/thumb/v7e-m/crtbegin.o

.eh_frame       0x00403b98        0x0
 .eh_frame      0x00403b98        0x0 c:/program files (x86)/atmel/studio/7.0/toolchain/arm/arm-gnu-toolchain/bin/../lib/gcc/arm-none-eabi/6.3.1/thumb/v7e-m/crtbegin.o

.rel.dyn        0x00403b98        0x0
 .rel.iplt      0x00403b98        0x0 c:/program files (x86)/atmel/studio/7.0/toolchain/arm/arm-gnu-toolchain/bin/../lib/gcc/arm-none-eabi/6.3.1/thumb/v7e-m/crtbegin.o

.jcr            0x00403b98        0x0
 .jcr           0x00403b98        0x0 c:/program files (x86)/atmel/studio/7.0/toolchain/arm/arm-gnu-toolchain/bin/../lib/gcc/arm-none-eabi/6.3.1/thumb/v7e-m/crtbegin.o

.igot.plt       0x00403b98        0x0
 .igot.plt      0x00403b98        0x0 c:/program files (x86)/atmel/studio/7.0/toolchain/arm/arm-gnu-toolchain/bin/../lib/gcc/arm-none-eabi/6.3.1/thumb/v7e-m/crtbegin.o

.ARM.exidx
 *(.ARM.exidx* .gnu.linkonce.armexidx.*)
                [!provide]                PROVIDE (__exidx_end, .)
                0x00403b98                . = ALIGN (0x4)
                0x00403b98                _etext = .

.relocate       0x20400000      0x88c load address 0x00403b98
                0x20400000                . = ALIGN (0x4)
                0x20400000                _srelocate = .
 *(.ramfunc .ramfunc.*)
 .ramfunc       0x20400000        0xa src/ASF/common/services/delay/sam/cycle_counter.o
                0x20400000                portable_delay_cycles
 *(.data .data.*)
 *fill*         0x2040000a        0x2 
 .data.sysfont  0x2040000c        0xc src/oled/sysfont.o
                0x2040000c                sysfont
 .data.g_interrupt_enabled
                0x20400018        0x1 src/ASF/common/utils/interrupt/interrupt_sam_nvic.o
                0x20400018                g_interrupt_enabled
 *fill*         0x20400019        0x3 
 .data.SystemCoreClock
                0x2040001c        0x4 src/ASF/sam/utils/cmsis/same70/source/templates/system_same70.o
                0x2040001c                SystemCoreClock
 .data.distancias
                0x20400020       0x24 src/main.o
                0x20400020                distancias
 .data.freq     0x20400044        0x4 src/main.o
                0x20400044                freq
 .data._impure_ptr
                0x20400048        0x4 c:/program files (x86)/atmel/studio/7.0/toolchain/arm/arm-gnu-toolchain/bin/../lib/gcc/arm-none-eabi/6.3.1/../../../../arm-none-eabi/lib/thumb/v7e-m\libc.a(lib_a-impure.o)
                0x20400048                _impure_ptr
 *fill*         0x2040004c        0x4 
 .data.impure_data
                0x20400050      0x428 c:/program files (x86)/atmel/studio/7.0/toolchain/arm/arm-gnu-toolchain/bin/../lib/gcc/arm-none-eabi/6.3.1/../../../../arm-none-eabi/lib/thumb/v7e-m\libc.a(lib_a-impure.o)
 .data.__atexit_recursive_mutex
                0x20400478        0x4 c:/program files (x86)/atmel/studio/7.0/toolchain/arm/arm-gnu-toolchain/bin/../lib/gcc/arm-none-eabi/6.3.1/../../../../arm-none-eabi/lib/thumb/v7e-m\libc.a(lib_a-__call_atexit.o)
                0x20400478                __atexit_recursive_mutex
 .data.__malloc_av_
                0x2040047c      0x408 c:/program files (x86)/atmel/studio/7.0/toolchain/arm/arm-gnu-toolchain/bin/../lib/gcc/arm-none-eabi/6.3.1/../../../../arm-none-eabi/lib/thumb/v7e-m\libc.a(lib_a-mallocr.o)
                0x2040047c                __malloc_av_
 .data.__malloc_sbrk_base
                0x20400884        0x4 c:/program files (x86)/atmel/studio/7.0/toolchain/arm/arm-gnu-toolchain/bin/../lib/gcc/arm-none-eabi/6.3.1/../../../../arm-none-eabi/lib/thumb/v7e-m\libc.a(lib_a-mallocr.o)
                0x20400884                __malloc_sbrk_base
 .data.__malloc_trim_threshold
                0x20400888        0x4 c:/program files (x86)/atmel/studio/7.0/toolchain/arm/arm-gnu-toolchain/bin/../lib/gcc/arm-none-eabi/6.3.1/../../../../arm-none-eabi/lib/thumb/v7e-m\libc.a(lib_a-mallocr.o)
                0x20400888                __malloc_trim_threshold
                0x2040088c                . = ALIGN (0x4)
                0x2040088c                _erelocate = .

.bss            0x2040088c      0x330 load address 0x00404424
                0x2040088c                . = ALIGN (0x4)
                0x2040088c                _sbss = .
                0x2040088c                _szero = .
 *(.bss .bss.*)
 .bss           0x2040088c       0x1c c:/program files (x86)/atmel/studio/7.0/toolchain/arm/arm-gnu-toolchain/bin/../lib/gcc/arm-none-eabi/6.3.1/thumb/v7e-m/crtbegin.o
 .bss.g_wobits_in_rtt_mr
                0x204008a8        0x4 src/ASF/sam/drivers/rtt/rtt.o
 .bss.ul_reg_val.9325
                0x204008ac        0x4 src/ASF/sam/drivers/usart/usart.o
 .bss.fbpointer
                0x204008b0        0x4 src/oled/gfx_mono_framebuffer.o
 .bss.framebuffer
                0x204008b4      0x200 src/oled/gfx_mono_ug_2832hsweg04.o
 .bss.gs_interrupt_sources
                0x20400ab4       0x70 src/ASF/sam/drivers/pio/pio_handler.o
 .bss.gs_ul_nb_sources
                0x20400b24        0x4 src/ASF/sam/drivers/pio/pio_handler.o
 .bss.heap.6420
                0x20400b28        0x4 src/ASF/sam/utils/syscalls/gcc/syscalls.o
 .bss.__malloc_current_mallinfo
                0x20400b2c       0x28 c:/program files (x86)/atmel/studio/7.0/toolchain/arm/arm-gnu-toolchain/bin/../lib/gcc/arm-none-eabi/6.3.1/../../../../arm-none-eabi/lib/thumb/v7e-m\libc.a(lib_a-mallocr.o)
                0x20400b2c                __malloc_current_mallinfo
 .bss.__malloc_max_sbrked_mem
                0x20400b54        0x4 c:/program files (x86)/atmel/studio/7.0/toolchain/arm/arm-gnu-toolchain/bin/../lib/gcc/arm-none-eabi/6.3.1/../../../../arm-none-eabi/lib/thumb/v7e-m\libc.a(lib_a-mallocr.o)
                0x20400b54                __malloc_max_sbrked_mem
 .bss.__malloc_max_total_mem
                0x20400b58        0x4 c:/program files (x86)/atmel/studio/7.0/toolchain/arm/arm-gnu-toolchain/bin/../lib/gcc/arm-none-eabi/6.3.1/../../../../arm-none-eabi/lib/thumb/v7e-m\libc.a(lib_a-mallocr.o)
                0x20400b58                __malloc_max_total_mem
 .bss.__malloc_top_pad
                0x20400b5c        0x4 c:/program files (x86)/atmel/studio/7.0/toolchain/arm/arm-gnu-toolchain/bin/../lib/gcc/arm-none-eabi/6.3.1/../../../../arm-none-eabi/lib/thumb/v7e-m\libc.a(lib_a-mallocr.o)
                0x20400b5c                __malloc_top_pad
 *(COMMON)
 COMMON         0x20400b60        0x4 src/ASF/common/utils/stdio/read.o
                0x20400b60                ptr_get
 COMMON         0x20400b64        0x8 src/ASF/common/utils/stdio/write.o
                0x20400b64                ptr_put
                0x20400b68                stdio_base
 COMMON         0x20400b6c       0x25 src/main.o
                0x20400b6c                contagem
                0x20400b70                texto
                0x20400b89                echo_flag
                0x20400b8c                delta_t
                0x20400b90                but_flag
 *fill*         0x20400b91        0x3 
 COMMON         0x20400b94       0x21 c:/program files (x86)/atmel/studio/7.0/toolchain/arm/arm-gnu-toolchain/bin/../lib/gcc/arm-none-eabi/6.3.1/../../../../arm-none-eabi/lib/thumb/v7e-m\libc.a(lib_a-lock.o)
                0x20400b94                __lock___atexit_recursive_mutex
                0x20400b98                __lock___arc4random_mutex
                0x20400b9c                __lock___env_recursive_mutex
                0x20400ba0                __lock___sinit_recursive_mutex
                0x20400ba4                __lock___malloc_recursive_mutex
                0x20400ba8                __lock___at_quick_exit_mutex
                0x20400bac                __lock___dd_hash_mutex
                0x20400bb0                __lock___tz_mutex
                0x20400bb4                __lock___sfp_recursive_mutex
 *fill*         0x20400bb5        0x3 
 COMMON         0x20400bb8        0x4 c:/program files (x86)/atmel/studio/7.0/toolchain/arm/arm-gnu-toolchain/bin/../lib/gcc/arm-none-eabi/6.3.1/../../../../arm-none-eabi/lib/thumb/v7e-m\libc.a(lib_a-reent.o)
                0x20400bb8                errno
                0x20400bbc                . = ALIGN (0x4)
                0x20400bbc                _ebss = .
                0x20400bbc                _ezero = .

.stack          0x20400bbc     0x2004 load address 0x00404754
                0x20400bc0                . = ALIGN (0x8)
 *fill*         0x20400bbc        0x4 
                0x20400bc0                _sstack = .
                0x20402bc0                . = (. + STACK_SIZE)
 *fill*         0x20400bc0     0x2000 
                0x20402bc0                . = ALIGN (0x8)
                0x20402bc0                _estack = .

.heap           0x20402bc0      0x200 load address 0x00406758
                0x20402bc0                . = ALIGN (0x8)
                0x20402bc0                _sheap = .
                0x20402dc0                . = (. + HEAP_SIZE)
 *fill*         0x20402bc0      0x200 
                0x20402dc0                . = ALIGN (0x8)
                0x20402dc0                _eheap = .
                0x20402dc0                . = ALIGN (0x4)
                0x20402dc0                _end = .
                0x2045ffff                _ram_end_ = ((ORIGIN (ram) + LENGTH (ram)) - 0x1)
OUTPUT(OLED1.elf elf32-littlearm)

.ARM.attributes
                0x00000000       0x2e
 .ARM.attributes
                0x00000000       0x1e c:/program files (x86)/atmel/studio/7.0/toolchain/arm/arm-gnu-toolchain/bin/../lib/gcc/arm-none-eabi/6.3.1/thumb/v7e-m/crti.o
 .ARM.attributes
                0x0000001e       0x2e c:/program files (x86)/atmel/studio/7.0/toolchain/arm/arm-gnu-toolchain/bin/../lib/gcc/arm-none-eabi/6.3.1/thumb/v7e-m/crtbegin.o
 .ARM.attributes
                0x0000004c       0x37 src/ASF/common/utils/stdio/read.o
 .ARM.attributes
                0x00000083       0x37 src/ASF/common/utils/stdio/write.o
 .ARM.attributes
                0x000000ba       0x37 src/ASF/sam/drivers/rtt/rtt.o
 .ARM.attributes
                0x000000f1       0x37 src/ASF/sam/drivers/spi/spi.o
 .ARM.attributes
                0x00000128       0x37 src/ASF/sam/drivers/uart/uart.o
 .ARM.attributes
                0x0000015f       0x37 src/ASF/sam/drivers/usart/usart.o
 .ARM.attributes
                0x00000196       0x37 src/oled/gfx_mono_framebuffer.o
 .ARM.attributes
                0x000001cd       0x37 src/oled/gfx_mono_generic.o
 .ARM.attributes
                0x00000204       0x37 src/oled/gfx_mono_text.o
 .ARM.attributes
                0x0000023b       0x37 src/oled/gfx_mono_ug_2832hsweg04.o
 .ARM.attributes
                0x00000272       0x37 src/oled/ssd1306.o
 .ARM.attributes
                0x000002a9       0x37 src/oled/sysfont.o
 .ARM.attributes
                0x000002e0       0x37 src/ASF/common/services/delay/sam/cycle_counter.o
 .ARM.attributes
                0x00000317       0x37 src/ASF/common/services/clock/same70/sysclk.o
 .ARM.attributes
                0x0000034e       0x37 src/ASF/common/utils/interrupt/interrupt_sam_nvic.o
 .ARM.attributes
                0x00000385       0x37 src/ASF/sam/boards/same70_xplained/init.o
 .ARM.attributes
                0x000003bc       0x37 src/ASF/sam/drivers/pio/pio.o
 .ARM.attributes
                0x000003f3       0x37 src/ASF/sam/drivers/pio/pio_handler.o
 .ARM.attributes
                0x0000042a       0x37 src/ASF/sam/drivers/pmc/pmc.o
 .ARM.attributes
                0x00000461       0x37 src/ASF/sam/utils/cmsis/same70/source/templates/gcc/startup_same70.o
 .ARM.attributes
                0x00000498       0x37 src/ASF/sam/utils/cmsis/same70/source/templates/system_same70.o
 .ARM.attributes
                0x000004cf       0x37 src/ASF/sam/utils/syscalls/gcc/syscalls.o
 .ARM.attributes
                0x00000506       0x37 src/main.o
 .ARM.attributes
                0x0000053d       0x1e c:/program files (x86)/atmel/studio/7.0/toolchain/arm/arm-gnu-toolchain/bin/../lib/gcc/arm-none-eabi/6.3.1/thumb/v7e-m\libgcc.a(_arm_addsubdf3.o)
 .ARM.attributes
                0x0000055b       0x1e c:/program files (x86)/atmel/studio/7.0/toolchain/arm/arm-gnu-toolchain/bin/../lib/gcc/arm-none-eabi/6.3.1/thumb/v7e-m\libgcc.a(_arm_muldivdf3.o)
 .ARM.attributes
                0x00000579       0x1e c:/program files (x86)/atmel/studio/7.0/toolchain/arm/arm-gnu-toolchain/bin/../lib/gcc/arm-none-eabi/6.3.1/thumb/v7e-m\libgcc.a(_arm_fixdfsi.o)
 .ARM.attributes
                0x00000597       0x2e c:/program files (x86)/atmel/studio/7.0/toolchain/arm/arm-gnu-toolchain/bin/../lib/gcc/arm-none-eabi/6.3.1/../../../../arm-none-eabi/lib/thumb/v7e-m\libc.a(lib_a-impure.o)
 .ARM.attributes
                0x000005c5       0x2e c:/program files (x86)/atmel/studio/7.0/toolchain/arm/arm-gnu-toolchain/bin/../lib/gcc/arm-none-eabi/6.3.1/../../../../arm-none-eabi/lib/thumb/v7e-m\libc.a(lib_a-init.o)
 .ARM.attributes
                0x000005f3       0x2e c:/program files (x86)/atmel/studio/7.0/toolchain/arm/arm-gnu-toolchain/bin/../lib/gcc/arm-none-eabi/6.3.1/../../../../arm-none-eabi/lib/thumb/v7e-m\libc.a(lib_a-memset.o)
 .ARM.attributes
                0x00000621       0x2e c:/program files (x86)/atmel/studio/7.0/toolchain/arm/arm-gnu-toolchain/bin/../lib/gcc/arm-none-eabi/6.3.1/../../../../arm-none-eabi/lib/thumb/v7e-m\libc.a(lib_a-setbuf.o)
 .ARM.attributes
                0x0000064f       0x2e c:/program files (x86)/atmel/studio/7.0/toolchain/arm/arm-gnu-toolchain/bin/../lib/gcc/arm-none-eabi/6.3.1/../../../../arm-none-eabi/lib/thumb/v7e-m\libc.a(lib_a-setvbuf.o)
 .ARM.attributes
                0x0000067d       0x2e c:/program files (x86)/atmel/studio/7.0/toolchain/arm/arm-gnu-toolchain/bin/../lib/gcc/arm-none-eabi/6.3.1/../../../../arm-none-eabi/lib/thumb/v7e-m\libc.a(lib_a-__call_atexit.o)
 .ARM.attributes
                0x000006ab       0x2e c:/program files (x86)/atmel/studio/7.0/toolchain/arm/arm-gnu-toolchain/bin/../lib/gcc/arm-none-eabi/6.3.1/../../../../arm-none-eabi/lib/thumb/v7e-m\libc.a(lib_a-atexit.o)
 .ARM.attributes
                0x000006d9       0x2e c:/program files (x86)/atmel/studio/7.0/toolchain/arm/arm-gnu-toolchain/bin/../lib/gcc/arm-none-eabi/6.3.1/../../../../arm-none-eabi/lib/thumb/v7e-m\libc.a(lib_a-fflush.o)
 .ARM.attributes
                0x00000707       0x2e c:/program files (x86)/atmel/studio/7.0/toolchain/arm/arm-gnu-toolchain/bin/../lib/gcc/arm-none-eabi/6.3.1/../../../../arm-none-eabi/lib/thumb/v7e-m\libc.a(lib_a-findfp.o)
 .ARM.attributes
                0x00000735       0x2e c:/program files (x86)/atmel/studio/7.0/toolchain/arm/arm-gnu-toolchain/bin/../lib/gcc/arm-none-eabi/6.3.1/../../../../arm-none-eabi/lib/thumb/v7e-m\libc.a(lib_a-fini.o)
 .ARM.attributes
                0x00000763       0x2e c:/program files (x86)/atmel/studio/7.0/toolchain/arm/arm-gnu-toolchain/bin/../lib/gcc/arm-none-eabi/6.3.1/../../../../arm-none-eabi/lib/thumb/v7e-m\libc.a(lib_a-freer.o)
 .ARM.attributes
                0x00000791       0x2e c:/program files (x86)/atmel/studio/7.0/toolchain/arm/arm-gnu-toolchain/bin/../lib/gcc/arm-none-eabi/6.3.1/../../../../arm-none-eabi/lib/thumb/v7e-m\libc.a(lib_a-fwalk.o)
 .ARM.attributes
                0x000007bf       0x2e c:/program files (x86)/atmel/studio/7.0/toolchain/arm/arm-gnu-toolchain/bin/../lib/gcc/arm-none-eabi/6.3.1/../../../../arm-none-eabi/lib/thumb/v7e-m\libc.a(lib_a-lock.o)
 .ARM.attributes
                0x000007ed       0x2e c:/program files (x86)/atmel/studio/7.0/toolchain/arm/arm-gnu-toolchain/bin/../lib/gcc/arm-none-eabi/6.3.1/../../../../arm-none-eabi/lib/thumb/v7e-m\libc.a(lib_a-makebuf.o)
 .ARM.attributes
                0x0000081b       0x2e c:/program files (x86)/atmel/studio/7.0/toolchain/arm/arm-gnu-toolchain/bin/../lib/gcc/arm-none-eabi/6.3.1/../../../../arm-none-eabi/lib/thumb/v7e-m\libc.a(lib_a-malloc.o)
 .ARM.attributes
                0x00000849       0x2e c:/program files (x86)/atmel/studio/7.0/toolchain/arm/arm-gnu-toolchain/bin/../lib/gcc/arm-none-eabi/6.3.1/../../../../arm-none-eabi/lib/thumb/v7e-m\libc.a(lib_a-mallocr.o)
 .ARM.attributes
                0x00000877       0x2e c:/program files (x86)/atmel/studio/7.0/toolchain/arm/arm-gnu-toolchain/bin/../lib/gcc/arm-none-eabi/6.3.1/../../../../arm-none-eabi/lib/thumb/v7e-m\libc.a(lib_a-mlock.o)
 .ARM.attributes
                0x000008a5       0x2e c:/program files (x86)/atmel/studio/7.0/toolchain/arm/arm-gnu-toolchain/bin/../lib/gcc/arm-none-eabi/6.3.1/../../../../arm-none-eabi/lib/thumb/v7e-m\libc.a(lib_a-sbrkr.o)
 .ARM.attributes
                0x000008d3       0x2e c:/program files (x86)/atmel/studio/7.0/toolchain/arm/arm-gnu-toolchain/bin/../lib/gcc/arm-none-eabi/6.3.1/../../../../arm-none-eabi/lib/thumb/v7e-m\libc.a(lib_a-stdio.o)
 .ARM.attributes
                0x00000901       0x2e c:/program files (x86)/atmel/studio/7.0/toolchain/arm/arm-gnu-toolchain/bin/../lib/gcc/arm-none-eabi/6.3.1/../../../../arm-none-eabi/lib/thumb/v7e-m\libc.a(lib_a-writer.o)
 .ARM.attributes
                0x0000092f       0x2e c:/program files (x86)/atmel/studio/7.0/toolchain/arm/arm-gnu-toolchain/bin/../lib/gcc/arm-none-eabi/6.3.1/../../../../arm-none-eabi/lib/thumb/v7e-m\libc.a(lib_a-__atexit.o)
 .ARM.attributes
                0x0000095d       0x2e c:/program files (x86)/atmel/studio/7.0/toolchain/arm/arm-gnu-toolchain/bin/../lib/gcc/arm-none-eabi/6.3.1/../../../../arm-none-eabi/lib/thumb/v7e-m\libc.a(lib_a-closer.o)
 .ARM.attributes
                0x0000098b       0x2e c:/program files (x86)/atmel/studio/7.0/toolchain/arm/arm-gnu-toolchain/bin/../lib/gcc/arm-none-eabi/6.3.1/../../../../arm-none-eabi/lib/thumb/v7e-m\libc.a(lib_a-fclose.o)
 .ARM.attributes
                0x000009b9       0x2e c:/program files (x86)/atmel/studio/7.0/toolchain/arm/arm-gnu-toolchain/bin/../lib/gcc/arm-none-eabi/6.3.1/../../../../arm-none-eabi/lib/thumb/v7e-m\libc.a(lib_a-fstatr.o)
 .ARM.attributes
                0x000009e7       0x2e c:/program files (x86)/atmel/studio/7.0/toolchain/arm/arm-gnu-toolchain/bin/../lib/gcc/arm-none-eabi/6.3.1/../../../../arm-none-eabi/lib/thumb/v7e-m\libc.a(lib_a-lseekr.o)
 .ARM.attributes
                0x00000a15       0x2e c:/program files (x86)/atmel/studio/7.0/toolchain/arm/arm-gnu-toolchain/bin/../lib/gcc/arm-none-eabi/6.3.1/../../../../arm-none-eabi/lib/thumb/v7e-m\libc.a(lib_a-readr.o)
 .ARM.attributes
                0x00000a43       0x2e c:/program files (x86)/atmel/studio/7.0/toolchain/arm/arm-gnu-toolchain/bin/../lib/gcc/arm-none-eabi/6.3.1/../../../../arm-none-eabi/lib/thumb/v7e-m\libc.a(lib_a-reent.o)
 .ARM.attributes
                0x00000a71       0x1e c:/program files (x86)/atmel/studio/7.0/toolchain/arm/arm-gnu-toolchain/bin/../lib/gcc/arm-none-eabi/6.3.1/thumb/v7e-m/crtn.o

.comment        0x00000000       0x59
 .comment       0x00000000       0x59 src/ASF/common/utils/stdio/read.o
                                 0x5a (size before relaxing)
 .comment       0x00000059       0x5a src/ASF/common/utils/stdio/write.o
 .comment       0x00000059       0x5a src/ASF/sam/drivers/rtt/rtt.o
 .comment       0x00000059       0x5a src/ASF/sam/drivers/spi/spi.o
 .comment       0x00000059       0x5a src/ASF/sam/drivers/uart/uart.o
 .comment       0x00000059       0x5a src/ASF/sam/drivers/usart/usart.o
 .comment       0x00000059       0x5a src/oled/gfx_mono_framebuffer.o
 .comment       0x00000059       0x5a src/oled/gfx_mono_generic.o
 .comment       0x00000059       0x5a src/oled/gfx_mono_text.o
 .comment       0x00000059       0x5a src/oled/gfx_mono_ug_2832hsweg04.o
 .comment       0x00000059       0x5a src/oled/ssd1306.o
 .comment       0x00000059       0x5a src/oled/sysfont.o
 .comment       0x00000059       0x5a src/ASF/common/services/delay/sam/cycle_counter.o
 .comment       0x00000059       0x5a src/ASF/common/services/clock/same70/sysclk.o
 .comment       0x00000059       0x5a src/ASF/common/utils/interrupt/interrupt_sam_nvic.o
 .comment       0x00000059       0x5a src/ASF/sam/boards/same70_xplained/init.o
 .comment       0x00000059       0x5a src/ASF/sam/drivers/pio/pio.o
 .comment       0x00000059       0x5a src/ASF/sam/drivers/pio/pio_handler.o
 .comment       0x00000059       0x5a src/ASF/sam/drivers/pmc/pmc.o
 .comment       0x00000059       0x5a src/ASF/sam/utils/cmsis/same70/source/templates/gcc/startup_same70.o
 .comment       0x00000059       0x5a src/ASF/sam/utils/cmsis/same70/source/templates/system_same70.o
 .comment       0x00000059       0x5a src/ASF/sam/utils/syscalls/gcc/syscalls.o
 .comment       0x00000059       0x5a src/main.o

.debug_info     0x00000000    0x1c5cc
 .debug_info    0x00000000      0xac9 src/ASF/common/utils/stdio/read.o
 .debug_info    0x00000ac9      0xac6 src/ASF/common/utils/stdio/write.o
 .debug_info    0x0000158f      0xcd1 src/ASF/sam/drivers/rtt/rtt.o
 .debug_info    0x00002260     0x115d src/ASF/sam/drivers/spi/spi.o
 .debug_info    0x000033bd     0x1039 src/ASF/sam/drivers/uart/uart.o
 .debug_info    0x000043f6     0x2321 src/ASF/sam/drivers/usart/usart.o
 .debug_info    0x00006717      0xe37 src/oled/gfx_mono_framebuffer.o
 .debug_info    0x0000754e     0x15e2 src/oled/gfx_mono_generic.o
 .debug_info    0x00008b30      0xfcf src/oled/gfx_mono_text.o
 .debug_info    0x00009aff     0x1205 src/oled/gfx_mono_ug_2832hsweg04.o
 .debug_info    0x0000ad04     0x2013 src/oled/ssd1306.o
 .debug_info    0x0000cd17      0xb06 src/oled/sysfont.o
 .debug_info    0x0000d81d      0xa45 src/ASF/common/services/delay/sam/cycle_counter.o
 .debug_info    0x0000e262     0x1267 src/ASF/common/services/clock/same70/sysclk.o
 .debug_info    0x0000f4c9      0xb01 src/ASF/common/utils/interrupt/interrupt_sam_nvic.o
 .debug_info    0x0000ffca     0x1bd7 src/ASF/sam/boards/same70_xplained/init.o
 .debug_info    0x00011ba1     0x2150 src/ASF/sam/drivers/pio/pio.o
 .debug_info    0x00013cf1     0x1b22 src/ASF/sam/drivers/pio/pio_handler.o
 .debug_info    0x00015813     0x1e0e src/ASF/sam/drivers/pmc/pmc.o
 .debug_info    0x00017621     0x156a src/ASF/sam/utils/cmsis/same70/source/templates/gcc/startup_same70.o
 .debug_info    0x00018b8b      0x55b src/ASF/sam/utils/cmsis/same70/source/templates/system_same70.o
 .debug_info    0x000190e6      0xdb0 src/ASF/sam/utils/syscalls/gcc/syscalls.o
 .debug_info    0x00019e96     0x2736 src/main.o

.debug_abbrev   0x00000000     0x4056
 .debug_abbrev  0x00000000      0x1fe src/ASF/common/utils/stdio/read.o
 .debug_abbrev  0x000001fe      0x1e9 src/ASF/common/utils/stdio/write.o
 .debug_abbrev  0x000003e7      0x256 src/ASF/sam/drivers/rtt/rtt.o
 .debug_abbrev  0x0000063d      0x3a5 src/ASF/sam/drivers/spi/spi.o
 .debug_abbrev  0x000009e2      0x26e src/ASF/sam/drivers/uart/uart.o
 .debug_abbrev  0x00000c50      0x3bd src/ASF/sam/drivers/usart/usart.o
 .debug_abbrev  0x0000100d      0x289 src/oled/gfx_mono_framebuffer.o
 .debug_abbrev  0x00001296      0x2a7 src/oled/gfx_mono_generic.o
 .debug_abbrev  0x0000153d      0x30f src/oled/gfx_mono_text.o
 .debug_abbrev  0x0000184c      0x350 src/oled/gfx_mono_ug_2832hsweg04.o
 .debug_abbrev  0x00001b9c      0x363 src/oled/ssd1306.o
 .debug_abbrev  0x00001eff      0x1b6 src/oled/sysfont.o
 .debug_abbrev  0x000020b5      0x1b3 src/ASF/common/services/delay/sam/cycle_counter.o
 .debug_abbrev  0x00002268      0x31f src/ASF/common/services/clock/same70/sysclk.o
 .debug_abbrev  0x00002587      0x212 src/ASF/common/utils/interrupt/interrupt_sam_nvic.o
 .debug_abbrev  0x00002799      0x368 src/ASF/sam/boards/same70_xplained/init.o
 .debug_abbrev  0x00002b01      0x410 src/ASF/sam/drivers/pio/pio.o
 .debug_abbrev  0x00002f11      0x32f src/ASF/sam/drivers/pio/pio_handler.o
 .debug_abbrev  0x00003240      0x369 src/ASF/sam/drivers/pmc/pmc.o
 .debug_abbrev  0x000035a9      0x2e4 src/ASF/sam/utils/cmsis/same70/source/templates/gcc/startup_same70.o
 .debug_abbrev  0x0000388d      0x102 src/ASF/sam/utils/cmsis/same70/source/templates/system_same70.o
 .debug_abbrev  0x0000398f      0x264 src/ASF/sam/utils/syscalls/gcc/syscalls.o
 .debug_abbrev  0x00003bf3      0x463 src/main.o

.debug_loc      0x00000000     0x6ac0
 .debug_loc     0x00000000       0xb3 src/ASF/common/utils/stdio/read.o
 .debug_loc     0x000000b3      0x12b src/ASF/common/utils/stdio/write.o
 .debug_loc     0x000001de      0x1c7 src/ASF/sam/drivers/rtt/rtt.o
 .debug_loc     0x000003a5      0x610 src/ASF/sam/drivers/spi/spi.o
 .debug_loc     0x000009b5      0x2a3 src/ASF/sam/drivers/uart/uart.o
 .debug_loc     0x00000c58      0xf35 src/ASF/sam/drivers/usart/usart.o
 .debug_loc     0x00001b8d      0x506 src/oled/gfx_mono_framebuffer.o
 .debug_loc     0x00002093      0xda8 src/oled/gfx_mono_generic.o
 .debug_loc     0x00002e3b      0x66a src/oled/gfx_mono_text.o
 .debug_loc     0x000034a5      0x6ee src/oled/gfx_mono_ug_2832hsweg04.o
 .debug_loc     0x00003b93      0x365 src/oled/ssd1306.o
 .debug_loc     0x00003ef8      0x183 src/ASF/common/services/clock/same70/sysclk.o
 .debug_loc     0x0000407b      0x1e7 src/ASF/sam/boards/same70_xplained/init.o
 .debug_loc     0x00004262      0xea4 src/ASF/sam/drivers/pio/pio.o
 .debug_loc     0x00005106      0x588 src/ASF/sam/drivers/pio/pio_handler.o
 .debug_loc     0x0000568e      0xce3 src/ASF/sam/drivers/pmc/pmc.o
 .debug_loc     0x00006371       0x77 src/ASF/sam/utils/cmsis/same70/source/templates/gcc/startup_same70.o
 .debug_loc     0x000063e8       0xfd src/ASF/sam/utils/syscalls/gcc/syscalls.o
 .debug_loc     0x000064e5      0x5db src/main.o

.debug_aranges  0x00000000      0xc58
 .debug_aranges
                0x00000000       0x20 src/ASF/common/utils/stdio/read.o
 .debug_aranges
                0x00000020       0x20 src/ASF/common/utils/stdio/write.o
 .debug_aranges
                0x00000040       0x60 src/ASF/sam/drivers/rtt/rtt.o
 .debug_aranges
                0x000000a0       0x90 src/ASF/sam/drivers/spi/spi.o
 .debug_aranges
                0x00000130       0xd8 src/ASF/sam/drivers/uart/uart.o
 .debug_aranges
                0x00000208      0x2a8 src/ASF/sam/drivers/usart/usart.o
 .debug_aranges
                0x000004b0       0x58 src/oled/gfx_mono_framebuffer.o
 .debug_aranges
                0x00000508       0x58 src/oled/gfx_mono_generic.o
 .debug_aranges
                0x00000560       0x40 src/oled/gfx_mono_text.o
 .debug_aranges
                0x000005a0       0x60 src/oled/gfx_mono_ug_2832hsweg04.o
 .debug_aranges
                0x00000600       0x30 src/oled/ssd1306.o
 .debug_aranges
                0x00000630       0x18 src/oled/sysfont.o
 .debug_aranges
                0x00000648       0x20 src/ASF/common/services/delay/sam/cycle_counter.o
 .debug_aranges
                0x00000668       0x40 src/ASF/common/services/clock/same70/sysclk.o
 .debug_aranges
                0x000006a8       0x28 src/ASF/common/utils/interrupt/interrupt_sam_nvic.o
 .debug_aranges
                0x000006d0       0x20 src/ASF/sam/boards/same70_xplained/init.o
 .debug_aranges
                0x000006f0      0x1a8 src/ASF/sam/drivers/pio/pio.o
 .debug_aranges
                0x00000898       0x60 src/ASF/sam/drivers/pio/pio_handler.o
 .debug_aranges
                0x000008f8      0x250 src/ASF/sam/drivers/pmc/pmc.o
 .debug_aranges
                0x00000b48       0x28 src/ASF/sam/utils/cmsis/same70/source/templates/gcc/startup_same70.o
 .debug_aranges
                0x00000b70       0x30 src/ASF/sam/utils/cmsis/same70/source/templates/system_same70.o
 .debug_aranges
                0x00000ba0       0x60 src/ASF/sam/utils/syscalls/gcc/syscalls.o
 .debug_aranges
                0x00000c00       0x58 src/main.o

.debug_ranges   0x00000000      0xc60
 .debug_ranges  0x00000000       0x10 src/ASF/common/utils/stdio/read.o
 .debug_ranges  0x00000010       0x10 src/ASF/common/utils/stdio/write.o
 .debug_ranges  0x00000020       0x50 src/ASF/sam/drivers/rtt/rtt.o
 .debug_ranges  0x00000070       0x80 src/ASF/sam/drivers/spi/spi.o
 .debug_ranges  0x000000f0       0xc8 src/ASF/sam/drivers/uart/uart.o
 .debug_ranges  0x000001b8      0x298 src/ASF/sam/drivers/usart/usart.o
 .debug_ranges  0x00000450       0x48 src/oled/gfx_mono_framebuffer.o
 .debug_ranges  0x00000498       0x48 src/oled/gfx_mono_generic.o
 .debug_ranges  0x000004e0       0x48 src/oled/gfx_mono_text.o
 .debug_ranges  0x00000528       0x80 src/oled/gfx_mono_ug_2832hsweg04.o
 .debug_ranges  0x000005a8       0x20 src/oled/ssd1306.o
 .debug_ranges  0x000005c8       0x10 src/ASF/common/services/delay/sam/cycle_counter.o
 .debug_ranges  0x000005d8       0x30 src/ASF/common/services/clock/same70/sysclk.o
 .debug_ranges  0x00000608       0x18 src/ASF/common/utils/interrupt/interrupt_sam_nvic.o
 .debug_ranges  0x00000620       0x10 src/ASF/sam/boards/same70_xplained/init.o
 .debug_ranges  0x00000630      0x2a0 src/ASF/sam/drivers/pio/pio.o
 .debug_ranges  0x000008d0       0x68 src/ASF/sam/drivers/pio/pio_handler.o
 .debug_ranges  0x00000938      0x240 src/ASF/sam/drivers/pmc/pmc.o
 .debug_ranges  0x00000b78       0x18 src/ASF/sam/utils/cmsis/same70/source/templates/gcc/startup_same70.o
 .debug_ranges  0x00000b90       0x20 src/ASF/sam/utils/cmsis/same70/source/templates/system_same70.o
 .debug_ranges  0x00000bb0       0x50 src/ASF/sam/utils/syscalls/gcc/syscalls.o
 .debug_ranges  0x00000c00       0x60 src/main.o

.debug_macro    0x00000000     0xa80a
 .debug_macro   0x00000000      0x655 src/ASF/common/utils/stdio/read.o
 .debug_macro   0x00000655      0x655 src/ASF/common/utils/stdio/write.o
 .debug_macro   0x00000caa      0x660 src/ASF/sam/drivers/rtt/rtt.o
 .debug_macro   0x0000130a      0x6d9 src/ASF/sam/drivers/spi/spi.o
 .debug_macro   0x000019e3       0x10 src/ASF/sam/drivers/spi/spi.o
 .debug_macro   0x000019f3      0x665 src/ASF/sam/drivers/uart/uart.o
 .debug_macro   0x00002058       0x16 src/ASF/sam/drivers/uart/uart.o
 .debug_macro   0x0000206e      0x69b src/ASF/sam/drivers/usart/usart.o
 .debug_macro   0x00002709       0x34 src/ASF/sam/drivers/usart/usart.o
 .debug_macro   0x0000273d      0x81a src/oled/gfx_mono_framebuffer.o
 .debug_macro   0x00002f57       0x50 src/oled/gfx_mono_framebuffer.o
 .debug_macro   0x00002fa7       0x22 src/oled/gfx_mono_framebuffer.o
 .debug_macro   0x00002fc9       0x7b src/oled/gfx_mono_framebuffer.o
 .debug_macro   0x00003044       0x28 src/oled/gfx_mono_framebuffer.o
 .debug_macro   0x0000306c       0x23 src/oled/gfx_mono_framebuffer.o
 .debug_macro   0x0000308f       0x94 src/oled/gfx_mono_framebuffer.o
 .debug_macro   0x00003123       0x40 src/oled/gfx_mono_framebuffer.o
 .debug_macro   0x00003163       0x88 src/oled/gfx_mono_framebuffer.o
 .debug_macro   0x000031eb      0x1ce src/oled/gfx_mono_framebuffer.o
 .debug_macro   0x000033b9       0x34 src/oled/gfx_mono_framebuffer.o
 .debug_macro   0x000033ed       0x16 src/oled/gfx_mono_framebuffer.o
 .debug_macro   0x00003403       0x1c src/oled/gfx_mono_framebuffer.o
 .debug_macro   0x0000341f       0x16 src/oled/gfx_mono_framebuffer.o
 .debug_macro   0x00003435       0x28 src/oled/gfx_mono_framebuffer.o
 .debug_macro   0x0000345d       0xd1 src/oled/gfx_mono_framebuffer.o
 .debug_macro   0x0000352e       0x8b src/oled/gfx_mono_framebuffer.o
 .debug_macro   0x000035b9      0x81a src/oled/gfx_mono_generic.o
 .debug_macro   0x00003dd3      0x833 src/oled/gfx_mono_text.o
 .debug_macro   0x00004606      0x81f src/oled/gfx_mono_ug_2832hsweg04.o
 .debug_macro   0x00004e25       0x28 src/oled/gfx_mono_ug_2832hsweg04.o
 .debug_macro   0x00004e4d      0x7f4 src/oled/ssd1306.o
 .debug_macro   0x00005641      0x69c src/oled/sysfont.o
 .debug_macro   0x00005cdd       0x3a src/oled/sysfont.o
 .debug_macro   0x00005d17      0x665 src/ASF/common/services/delay/sam/cycle_counter.o
 .debug_macro   0x0000637c       0x22 src/ASF/common/services/delay/sam/cycle_counter.o
 .debug_macro   0x0000639e      0x6d1 src/ASF/common/services/clock/same70/sysclk.o
 .debug_macro   0x00006a6f      0x2c0 src/ASF/common/services/clock/same70/sysclk.o
 .debug_macro   0x00006d2f      0x655 src/ASF/common/utils/interrupt/interrupt_sam_nvic.o
 .debug_macro   0x00007384      0x70b src/ASF/sam/boards/same70_xplained/init.o
 .debug_macro   0x00007a8f       0x82 src/ASF/sam/boards/same70_xplained/init.o
 .debug_macro   0x00007b11      0x66b src/ASF/sam/drivers/pio/pio.o
 .debug_macro   0x0000817c       0x8e src/ASF/sam/drivers/pio/pio.o
 .debug_macro   0x0000820a      0x676 src/ASF/sam/drivers/pio/pio_handler.o
 .debug_macro   0x00008880      0x66b src/ASF/sam/drivers/pmc/pmc.o
 .debug_macro   0x00008eeb       0x6a src/ASF/sam/drivers/pmc/pmc.o
 .debug_macro   0x00008f55      0x664 src/ASF/sam/utils/cmsis/same70/source/templates/gcc/startup_same70.o
 .debug_macro   0x000095b9       0x10 src/ASF/sam/utils/cmsis/same70/source/templates/gcc/startup_same70.o
 .debug_macro   0x000095c9      0x455 src/ASF/sam/utils/cmsis/same70/source/templates/system_same70.o
 .debug_macro   0x00009a1e      0x1d6 src/ASF/sam/utils/syscalls/gcc/syscalls.o
 .debug_macro   0x00009bf4       0x97 src/ASF/sam/utils/syscalls/gcc/syscalls.o
 .debug_macro   0x00009c8b       0xf6 src/ASF/sam/utils/syscalls/gcc/syscalls.o
 .debug_macro   0x00009d81       0x4c src/ASF/sam/utils/syscalls/gcc/syscalls.o
 .debug_macro   0x00009dcd       0x16 src/ASF/sam/utils/syscalls/gcc/syscalls.o
 .debug_macro   0x00009de3       0x10 src/ASF/sam/utils/syscalls/gcc/syscalls.o
 .debug_macro   0x00009df3       0x10 src/ASF/sam/utils/syscalls/gcc/syscalls.o
 .debug_macro   0x00009e03       0x35 src/ASF/sam/utils/syscalls/gcc/syscalls.o
 .debug_macro   0x00009e38      0x122 src/ASF/sam/utils/syscalls/gcc/syscalls.o
 .debug_macro   0x00009f5a      0x8b0 src/main.o

.debug_line     0x00000000    0x11b01
 .debug_line    0x00000000      0x9e7 src/ASF/common/utils/stdio/read.o
 .debug_line    0x000009e7      0x9df src/ASF/common/utils/stdio/write.o
 .debug_line    0x000013c6      0xa72 src/ASF/sam/drivers/rtt/rtt.o
 .debug_line    0x00001e38      0xc41 src/ASF/sam/drivers/spi/spi.o
 .debug_line    0x00002a79      0xb79 src/ASF/sam/drivers/uart/uart.o
 .debug_line    0x000035f2     0x1076 src/ASF/sam/drivers/usart/usart.o
 .debug_line    0x00004668      0xf6e src/oled/gfx_mono_framebuffer.o
 .debug_line    0x000055d6     0x1022 src/oled/gfx_mono_generic.o
 .debug_line    0x000065f8      0xf7c src/oled/gfx_mono_text.o
 .debug_line    0x00007574      0xff6 src/oled/gfx_mono_ug_2832hsweg04.o
 .debug_line    0x0000856a      0xf4b src/oled/ssd1306.o
 .debug_line    0x000094b5      0xa1b src/oled/sysfont.o
 .debug_line    0x00009ed0      0x9ed src/ASF/common/services/delay/sam/cycle_counter.o
 .debug_line    0x0000a8bd      0xb4f src/ASF/common/services/clock/same70/sysclk.o
 .debug_line    0x0000b40c      0xa01 src/ASF/common/utils/interrupt/interrupt_sam_nvic.o
 .debug_line    0x0000be0d      0xc04 src/ASF/sam/boards/same70_xplained/init.o
 .debug_line    0x0000ca11      0xee3 src/ASF/sam/drivers/pio/pio.o
 .debug_line    0x0000d8f4      0xabf src/ASF/sam/drivers/pio/pio_handler.o
 .debug_line    0x0000e3b3     0x106b src/ASF/sam/drivers/pmc/pmc.o
 .debug_line    0x0000f41e      0xa73 src/ASF/sam/utils/cmsis/same70/source/templates/gcc/startup_same70.o
 .debug_line    0x0000fe91      0x7e9 src/ASF/sam/utils/cmsis/same70/source/templates/system_same70.o
 .debug_line    0x0001067a      0x40b src/ASF/sam/utils/syscalls/gcc/syscalls.o
 .debug_line    0x00010a85     0x107c src/main.o

.debug_str      0x00000000    0x910b6
 .debug_str     0x00000000    0x818af src/ASF/common/utils/stdio/read.o
                              0x81f37 (size before relaxing)
 .debug_str     0x000818af       0x2e src/ASF/common/utils/stdio/write.o
                              0x81f38 (size before relaxing)
 .debug_str     0x000818dd      0x142 src/ASF/sam/drivers/rtt/rtt.o
                              0x82043 (size before relaxing)
 .debug_str     0x00081a1f     0x4607 src/ASF/sam/drivers/spi/spi.o
                              0x86558 (size before relaxing)
 .debug_str     0x00086026      0x2fe src/ASF/sam/drivers/uart/uart.o
                              0x8223e (size before relaxing)
 .debug_str     0x00086324      0xb61 src/ASF/sam/drivers/usart/usart.o
                              0x82ad6 (size before relaxing)
 .debug_str     0x00086e85     0x2baf src/oled/gfx_mono_framebuffer.o
                              0x88e7e (size before relaxing)
 .debug_str     0x00089a34      0x255 src/oled/gfx_mono_generic.o
                              0x88fc2 (size before relaxing)
 .debug_str     0x00089c89      0x266 src/oled/gfx_mono_text.o
                              0x88f9d (size before relaxing)
 .debug_str     0x00089eef      0x11c src/oled/gfx_mono_ug_2832hsweg04.o
                              0x88f5e (size before relaxing)
 .debug_str     0x0008a00b      0x612 src/oled/ssd1306.o
                              0x88b96 (size before relaxing)
 .debug_str     0x0008a61d     0x3ee1 src/oled/sysfont.o
                              0x8618a (size before relaxing)
 .debug_str     0x0008e4fe       0x35 src/ASF/common/services/delay/sam/cycle_counter.o
                              0x820be (size before relaxing)
 .debug_str     0x0008e533      0x3f1 src/ASF/common/services/clock/same70/sysclk.o
                              0x865dc (size before relaxing)
 .debug_str     0x0008e924       0x94 src/ASF/common/utils/interrupt/interrupt_sam_nvic.o
                              0x81f8e (size before relaxing)
 .debug_str     0x0008e9b8      0x4f4 src/ASF/sam/boards/same70_xplained/init.o
                              0x870cc (size before relaxing)
 .debug_str     0x0008eeac      0x573 src/ASF/sam/drivers/pio/pio.o
                              0x82ae4 (size before relaxing)
 .debug_str     0x0008f41f      0x437 src/ASF/sam/drivers/pio/pio_handler.o
                              0x82c06 (size before relaxing)
 .debug_str     0x0008f856      0x686 src/ASF/sam/drivers/pmc/pmc.o
                              0x82c48 (size before relaxing)
 .debug_str     0x0008fedc      0x64c src/ASF/sam/utils/cmsis/same70/source/templates/gcc/startup_same70.o
                              0x8275b (size before relaxing)
 .debug_str     0x00090528      0x137 src/ASF/sam/utils/cmsis/same70/source/templates/system_same70.o
                              0x72867 (size before relaxing)
 .debug_str     0x0009065f      0x774 src/ASF/sam/utils/syscalls/gcc/syscalls.o
                               0x7498 (size before relaxing)
 .debug_str     0x00090dd3      0x2e3 src/main.o
                              0x8dae7 (size before relaxing)

.debug_frame    0x00000000     0x23c4
 .debug_frame   0x00000000       0x30 src/ASF/common/utils/stdio/read.o
 .debug_frame   0x00000030       0x48 src/ASF/common/utils/stdio/write.o
 .debug_frame   0x00000078       0xac src/ASF/sam/drivers/rtt/rtt.o
 .debug_frame   0x00000124      0x140 src/ASF/sam/drivers/spi/spi.o
 .debug_frame   0x00000264      0x19c src/ASF/sam/drivers/uart/uart.o
 .debug_frame   0x00000400      0x5c0 src/ASF/sam/drivers/usart/usart.o
 .debug_frame   0x000009c0       0xdc src/oled/gfx_mono_framebuffer.o
 .debug_frame   0x00000a9c      0x168 src/oled/gfx_mono_generic.o
 .debug_frame   0x00000c04       0xc8 src/oled/gfx_mono_text.o
 .debug_frame   0x00000ccc      0x124 src/oled/gfx_mono_ug_2832hsweg04.o
 .debug_frame   0x00000df0       0x6c src/oled/ssd1306.o
 .debug_frame   0x00000e5c       0x20 src/ASF/common/services/delay/sam/cycle_counter.o
 .debug_frame   0x00000e7c       0x88 src/ASF/common/services/clock/same70/sysclk.o
 .debug_frame   0x00000f04       0x30 src/ASF/common/utils/interrupt/interrupt_sam_nvic.o
 .debug_frame   0x00000f34       0x30 src/ASF/sam/boards/same70_xplained/init.o
 .debug_frame   0x00000f64      0x390 src/ASF/sam/drivers/pio/pio.o
 .debug_frame   0x000012f4      0x110 src/ASF/sam/drivers/pio/pio_handler.o
 .debug_frame   0x00001404      0x494 src/ASF/sam/drivers/pmc/pmc.o
 .debug_frame   0x00001898       0x38 src/ASF/sam/utils/cmsis/same70/source/templates/gcc/startup_same70.o
 .debug_frame   0x000018d0       0x40 src/ASF/sam/utils/cmsis/same70/source/templates/system_same70.o
 .debug_frame   0x00001910       0xa0 src/ASF/sam/utils/syscalls/gcc/syscalls.o
 .debug_frame   0x000019b0       0xe8 src/main.o
 .debug_frame   0x00001a98       0xac c:/program files (x86)/atmel/studio/7.0/toolchain/arm/arm-gnu-toolchain/bin/../lib/gcc/arm-none-eabi/6.3.1/thumb/v7e-m\libgcc.a(_arm_addsubdf3.o)
 .debug_frame   0x00001b44       0x50 c:/program files (x86)/atmel/studio/7.0/toolchain/arm/arm-gnu-toolchain/bin/../lib/gcc/arm-none-eabi/6.3.1/thumb/v7e-m\libgcc.a(_arm_muldivdf3.o)
 .debug_frame   0x00001b94       0x24 c:/program files (x86)/atmel/studio/7.0/toolchain/arm/arm-gnu-toolchain/bin/../lib/gcc/arm-none-eabi/6.3.1/thumb/v7e-m\libgcc.a(_arm_fixdfsi.o)
 .debug_frame   0x00001bb8       0x2c c:/program files (x86)/atmel/studio/7.0/toolchain/arm/arm-gnu-toolchain/bin/../lib/gcc/arm-none-eabi/6.3.1/../../../../arm-none-eabi/lib/thumb/v7e-m\libc.a(lib_a-init.o)
 .debug_frame   0x00001be4       0x34 c:/program files (x86)/atmel/studio/7.0/toolchain/arm/arm-gnu-toolchain/bin/../lib/gcc/arm-none-eabi/6.3.1/../../../../arm-none-eabi/lib/thumb/v7e-m\libc.a(lib_a-memset.o)
 .debug_frame   0x00001c18       0x20 c:/program files (x86)/atmel/studio/7.0/toolchain/arm/arm-gnu-toolchain/bin/../lib/gcc/arm-none-eabi/6.3.1/../../../../arm-none-eabi/lib/thumb/v7e-m\libc.a(lib_a-setbuf.o)
 .debug_frame   0x00001c38       0x48 c:/program files (x86)/atmel/studio/7.0/toolchain/arm/arm-gnu-toolchain/bin/../lib/gcc/arm-none-eabi/6.3.1/../../../../arm-none-eabi/lib/thumb/v7e-m\libc.a(lib_a-setvbuf.o)
 .debug_frame   0x00001c80       0x5c c:/program files (x86)/atmel/studio/7.0/toolchain/arm/arm-gnu-toolchain/bin/../lib/gcc/arm-none-eabi/6.3.1/../../../../arm-none-eabi/lib/thumb/v7e-m\libc.a(lib_a-__call_atexit.o)
 .debug_frame   0x00001cdc       0x20 c:/program files (x86)/atmel/studio/7.0/toolchain/arm/arm-gnu-toolchain/bin/../lib/gcc/arm-none-eabi/6.3.1/../../../../arm-none-eabi/lib/thumb/v7e-m\libc.a(lib_a-atexit.o)
 .debug_frame   0x00001cfc       0x5c c:/program files (x86)/atmel/studio/7.0/toolchain/arm/arm-gnu-toolchain/bin/../lib/gcc/arm-none-eabi/6.3.1/../../../../arm-none-eabi/lib/thumb/v7e-m\libc.a(lib_a-fflush.o)
 .debug_frame   0x00001d58      0x148 c:/program files (x86)/atmel/studio/7.0/toolchain/arm/arm-gnu-toolchain/bin/../lib/gcc/arm-none-eabi/6.3.1/../../../../arm-none-eabi/lib/thumb/v7e-m\libc.a(lib_a-findfp.o)
 .debug_frame   0x00001ea0       0x34 c:/program files (x86)/atmel/studio/7.0/toolchain/arm/arm-gnu-toolchain/bin/../lib/gcc/arm-none-eabi/6.3.1/../../../../arm-none-eabi/lib/thumb/v7e-m\libc.a(lib_a-fini.o)
 .debug_frame   0x00001ed4       0x74 c:/program files (x86)/atmel/studio/7.0/toolchain/arm/arm-gnu-toolchain/bin/../lib/gcc/arm-none-eabi/6.3.1/../../../../arm-none-eabi/lib/thumb/v7e-m\libc.a(lib_a-freer.o)
 .debug_frame   0x00001f48       0x54 c:/program files (x86)/atmel/studio/7.0/toolchain/arm/arm-gnu-toolchain/bin/../lib/gcc/arm-none-eabi/6.3.1/../../../../arm-none-eabi/lib/thumb/v7e-m\libc.a(lib_a-fwalk.o)
 .debug_frame   0x00001f9c       0xb0 c:/program files (x86)/atmel/studio/7.0/toolchain/arm/arm-gnu-toolchain/bin/../lib/gcc/arm-none-eabi/6.3.1/../../../../arm-none-eabi/lib/thumb/v7e-m\libc.a(lib_a-lock.o)
 .debug_frame   0x0000204c       0x68 c:/program files (x86)/atmel/studio/7.0/toolchain/arm/arm-gnu-toolchain/bin/../lib/gcc/arm-none-eabi/6.3.1/../../../../arm-none-eabi/lib/thumb/v7e-m\libc.a(lib_a-makebuf.o)
 .debug_frame   0x000020b4       0x30 c:/program files (x86)/atmel/studio/7.0/toolchain/arm/arm-gnu-toolchain/bin/../lib/gcc/arm-none-eabi/6.3.1/../../../../arm-none-eabi/lib/thumb/v7e-m\libc.a(lib_a-malloc.o)
 .debug_frame   0x000020e4       0x58 c:/program files (x86)/atmel/studio/7.0/toolchain/arm/arm-gnu-toolchain/bin/../lib/gcc/arm-none-eabi/6.3.1/../../../../arm-none-eabi/lib/thumb/v7e-m\libc.a(lib_a-mallocr.o)
 .debug_frame   0x0000213c       0x30 c:/program files (x86)/atmel/studio/7.0/toolchain/arm/arm-gnu-toolchain/bin/../lib/gcc/arm-none-eabi/6.3.1/../../../../arm-none-eabi/lib/thumb/v7e-m\libc.a(lib_a-mlock.o)
 .debug_frame   0x0000216c       0x2c c:/program files (x86)/atmel/studio/7.0/toolchain/arm/arm-gnu-toolchain/bin/../lib/gcc/arm-none-eabi/6.3.1/../../../../arm-none-eabi/lib/thumb/v7e-m\libc.a(lib_a-sbrkr.o)
 .debug_frame   0x00002198       0x88 c:/program files (x86)/atmel/studio/7.0/toolchain/arm/arm-gnu-toolchain/bin/../lib/gcc/arm-none-eabi/6.3.1/../../../../arm-none-eabi/lib/thumb/v7e-m\libc.a(lib_a-stdio.o)
 .debug_frame   0x00002220       0x2c c:/program files (x86)/atmel/studio/7.0/toolchain/arm/arm-gnu-toolchain/bin/../lib/gcc/arm-none-eabi/6.3.1/../../../../arm-none-eabi/lib/thumb/v7e-m\libc.a(lib_a-writer.o)
 .debug_frame   0x0000224c       0x34 c:/program files (x86)/atmel/studio/7.0/toolchain/arm/arm-gnu-toolchain/bin/../lib/gcc/arm-none-eabi/6.3.1/../../../../arm-none-eabi/lib/thumb/v7e-m\libc.a(lib_a-__atexit.o)
 .debug_frame   0x00002280       0x2c c:/program files (x86)/atmel/studio/7.0/toolchain/arm/arm-gnu-toolchain/bin/../lib/gcc/arm-none-eabi/6.3.1/../../../../arm-none-eabi/lib/thumb/v7e-m\libc.a(lib_a-closer.o)
 .debug_frame   0x000022ac       0x3c c:/program files (x86)/atmel/studio/7.0/toolchain/arm/arm-gnu-toolchain/bin/../lib/gcc/arm-none-eabi/6.3.1/../../../../arm-none-eabi/lib/thumb/v7e-m\libc.a(lib_a-fclose.o)
 .debug_frame   0x000022e8       0x2c c:/program files (x86)/atmel/studio/7.0/toolchain/arm/arm-gnu-toolchain/bin/../lib/gcc/arm-none-eabi/6.3.1/../../../../arm-none-eabi/lib/thumb/v7e-m\libc.a(lib_a-fstatr.o)
 .debug_frame   0x00002314       0x2c c:/program files (x86)/atmel/studio/7.0/toolchain/arm/arm-gnu-toolchain/bin/../lib/gcc/arm-none-eabi/6.3.1/../../../../arm-none-eabi/lib/thumb/v7e-m\libc.a(lib_a-lseekr.o)
 .debug_frame   0x00002340       0x2c c:/program files (x86)/atmel/studio/7.0/toolchain/arm/arm-gnu-toolchain/bin/../lib/gcc/arm-none-eabi/6.3.1/../../../../arm-none-eabi/lib/thumb/v7e-m\libc.a(lib_a-readr.o)
 .debug_frame   0x0000236c       0x58 c:/program files (x86)/atmel/studio/7.0/toolchain/arm/arm-gnu-toolchain/bin/../lib/gcc/arm-none-eabi/6.3.1/../../../../arm-none-eabi/lib/thumb/v7e-m\libc.a(lib_a-reent.o)

Cross Reference Table

Symbol                                            File
ACC_Handler                                       src/ASF/sam/utils/cmsis/same70/source/templates/gcc/startup_same70.o
AES_Handler                                       src/ASF/sam/utils/cmsis/same70/source/templates/gcc/startup_same70.o
AFEC0_Handler                                     src/ASF/sam/utils/cmsis/same70/source/templates/gcc/startup_same70.o
AFEC1_Handler                                     src/ASF/sam/utils/cmsis/same70/source/templates/gcc/startup_same70.o
BusFault_Handler                                  src/ASF/sam/utils/cmsis/same70/source/templates/gcc/startup_same70.o
DACC_Handler                                      src/ASF/sam/utils/cmsis/same70/source/templates/gcc/startup_same70.o
DebugMon_Handler                                  src/ASF/sam/utils/cmsis/same70/source/templates/gcc/startup_same70.o
Dummy_Handler                                     src/ASF/sam/utils/cmsis/same70/source/templates/gcc/startup_same70.o
EFC_Handler                                       src/ASF/sam/utils/cmsis/same70/source/templates/gcc/startup_same70.o
GMAC_Handler                                      src/ASF/sam/utils/cmsis/same70/source/templates/gcc/startup_same70.o
HSMCI_Handler                                     src/ASF/sam/utils/cmsis/same70/source/templates/gcc/startup_same70.o
HardFault_Handler                                 src/ASF/sam/utils/cmsis/same70/source/templates/gcc/startup_same70.o
ICM_Handler                                       src/ASF/sam/utils/cmsis/same70/source/templates/gcc/startup_same70.o
ISI_Handler                                       src/ASF/sam/utils/cmsis/same70/source/templates/gcc/startup_same70.o
MCAN0_Handler                                     src/ASF/sam/utils/cmsis/same70/source/templates/gcc/startup_same70.o
MCAN1_Handler                                     src/ASF/sam/utils/cmsis/same70/source/templates/gcc/startup_same70.o
MemManage_Handler                                 src/ASF/sam/utils/cmsis/same70/source/templates/gcc/startup_same70.o
NMI_Handler                                       src/ASF/sam/utils/cmsis/same70/source/templates/gcc/startup_same70.o
PIOA_Handler                                      src/ASF/sam/drivers/pio/pio_handler.o
PIOB_Handler                                      src/ASF/sam/drivers/pio/pio_handler.o
PIOC_Handler                                      src/ASF/sam/drivers/pio/pio_handler.o
PIOD_Handler                                      src/ASF/sam/drivers/pio/pio_handler.o
PIOE_Handler                                      src/ASF/sam/drivers/pio/pio_handler.o
PMC_Handler                                       src/ASF/sam/utils/cmsis/same70/source/templates/gcc/startup_same70.o
PWM0_Handler                                      src/ASF/sam/utils/cmsis/same70/source/templates/gcc/startup_same70.o
PWM1_Handler                                      src/ASF/sam/utils/cmsis/same70/source/templates/gcc/startup_same70.o
PendSV_Handler                                    src/ASF/sam/utils/cmsis/same70/source/templates/gcc/startup_same70.o
QSPI_Handler                                      src/ASF/sam/utils/cmsis/same70/source/templates/gcc/startup_same70.o
RSTC_Handler                                      src/ASF/sam/utils/cmsis/same70/source/templates/gcc/startup_same70.o
RSWDT_Handler                                     src/ASF/sam/utils/cmsis/same70/source/templates/gcc/startup_same70.o
RTC_Handler                                       src/ASF/sam/utils/cmsis/same70/source/templates/gcc/startup_same70.o
RTT_Handler                                       src/ASF/sam/utils/cmsis/same70/source/templates/gcc/startup_same70.o
Reset_Handler                                     src/ASF/sam/utils/cmsis/same70/source/templates/gcc/startup_same70.o
SDRAMC_Handler                                    src/ASF/sam/utils/cmsis/same70/source/templates/gcc/startup_same70.o
SPI0_Handler                                      src/ASF/sam/utils/cmsis/same70/source/templates/gcc/startup_same70.o
SPI1_Handler                                      src/ASF/sam/utils/cmsis/same70/source/templates/gcc/startup_same70.o
SSC_Handler                                       src/ASF/sam/utils/cmsis/same70/source/templates/gcc/startup_same70.o
SUPC_Handler                                      src/ASF/sam/utils/cmsis/same70/source/templates/gcc/startup_same70.o
SVC_Handler                                       src/ASF/sam/utils/cmsis/same70/source/templates/gcc/startup_same70.o
SysTick_Handler                                   src/ASF/sam/utils/cmsis/same70/source/templates/gcc/startup_same70.o
SystemCoreClock                                   src/ASF/sam/utils/cmsis/same70/source/templates/system_same70.o
SystemCoreClockUpdate                             src/ASF/sam/utils/cmsis/same70/source/templates/system_same70.o
                                                  src/ASF/common/services/clock/same70/sysclk.o
SystemInit                                        src/ASF/sam/utils/cmsis/same70/source/templates/system_same70.o
TC0_Handler                                       src/ASF/sam/utils/cmsis/same70/source/templates/gcc/startup_same70.o
TC10_Handler                                      src/ASF/sam/utils/cmsis/same70/source/templates/gcc/startup_same70.o
TC11_Handler                                      src/ASF/sam/utils/cmsis/same70/source/templates/gcc/startup_same70.o
TC1_Handler                                       src/ASF/sam/utils/cmsis/same70/source/templates/gcc/startup_same70.o
TC2_Handler                                       src/ASF/sam/utils/cmsis/same70/source/templates/gcc/startup_same70.o
TC3_Handler                                       src/ASF/sam/utils/cmsis/same70/source/templates/gcc/startup_same70.o
TC4_Handler                                       src/ASF/sam/utils/cmsis/same70/source/templates/gcc/startup_same70.o
TC5_Handler                                       src/ASF/sam/utils/cmsis/same70/source/templates/gcc/startup_same70.o
TC6_Handler                                       src/ASF/sam/utils/cmsis/same70/source/templates/gcc/startup_same70.o
TC7_Handler                                       src/ASF/sam/utils/cmsis/same70/source/templates/gcc/startup_same70.o
TC8_Handler                                       src/ASF/sam/utils/cmsis/same70/source/templates/gcc/startup_same70.o
TC9_Handler                                       src/ASF/sam/utils/cmsis/same70/source/templates/gcc/startup_same70.o
TRNG_Handler                                      src/ASF/sam/utils/cmsis/same70/source/templates/gcc/startup_same70.o
TWIHS0_Handler                                    src/ASF/sam/utils/cmsis/same70/source/templates/gcc/startup_same70.o
TWIHS1_Handler                                    src/ASF/sam/utils/cmsis/same70/source/templates/gcc/startup_same70.o
TWIHS2_Handler                                    src/ASF/sam/utils/cmsis/same70/source/templates/gcc/startup_same70.o
UART0_Handler                                     src/ASF/sam/utils/cmsis/same70/source/templates/gcc/startup_same70.o
UART1_Handler                                     src/ASF/sam/utils/cmsis/same70/source/templates/gcc/startup_same70.o
UART2_Handler                                     src/ASF/sam/utils/cmsis/same70/source/templates/gcc/startup_same70.o
UART3_Handler                                     src/ASF/sam/utils/cmsis/same70/source/templates/gcc/startup_same70.o
UART4_Handler                                     src/ASF/sam/utils/cmsis/same70/source/templates/gcc/startup_same70.o
USART0_Handler                                    src/ASF/sam/utils/cmsis/same70/source/templates/gcc/startup_same70.o
USART1_Handler                                    src/ASF/sam/utils/cmsis/same70/source/templates/gcc/startup_same70.o
USART2_Handler                                    src/ASF/sam/utils/cmsis/same70/source/templates/gcc/startup_same70.o
USBHS_Handler                                     src/ASF/sam/utils/cmsis/same70/source/templates/gcc/startup_same70.o
UsageFault_Handler                                src/ASF/sam/utils/cmsis/same70/source/templates/gcc/startup_same70.o
WDT_Handler                                       src/ASF/sam/utils/cmsis/same70/source/templates/gcc/startup_same70.o
XDMAC_Handler                                     src/ASF/sam/utils/cmsis/same70/source/templates/gcc/startup_same70.o
_Jv_RegisterClasses                               c:/program files (x86)/atmel/studio/7.0/toolchain/arm/arm-gnu-toolchain/bin/../lib/gcc/arm-none-eabi/6.3.1/thumb/v7e-m/crtbegin.o
__adddf3                                          c:/program files (x86)/atmel/studio/7.0/toolchain/arm/arm-gnu-toolchain/bin/../lib/gcc/arm-none-eabi/6.3.1/thumb/v7e-m\libgcc.a(_arm_addsubdf3.o)
__aeabi_d2iz                                      c:/program files (x86)/atmel/studio/7.0/toolchain/arm/arm-gnu-toolchain/bin/../lib/gcc/arm-none-eabi/6.3.1/thumb/v7e-m\libgcc.a(_arm_fixdfsi.o)
                                                  src/main.o
__aeabi_dadd                                      c:/program files (x86)/atmel/studio/7.0/toolchain/arm/arm-gnu-toolchain/bin/../lib/gcc/arm-none-eabi/6.3.1/thumb/v7e-m\libgcc.a(_arm_addsubdf3.o)
__aeabi_ddiv                                      c:/program files (x86)/atmel/studio/7.0/toolchain/arm/arm-gnu-toolchain/bin/../lib/gcc/arm-none-eabi/6.3.1/thumb/v7e-m\libgcc.a(_arm_muldivdf3.o)
                                                  src/main.o
__aeabi_dmul                                      c:/program files (x86)/atmel/studio/7.0/toolchain/arm/arm-gnu-toolchain/bin/../lib/gcc/arm-none-eabi/6.3.1/thumb/v7e-m\libgcc.a(_arm_muldivdf3.o)
                                                  src/main.o
__aeabi_drsub                                     c:/program files (x86)/atmel/studio/7.0/toolchain/arm/arm-gnu-toolchain/bin/../lib/gcc/arm-none-eabi/6.3.1/thumb/v7e-m\libgcc.a(_arm_addsubdf3.o)
__aeabi_dsub                                      c:/program files (x86)/atmel/studio/7.0/toolchain/arm/arm-gnu-toolchain/bin/../lib/gcc/arm-none-eabi/6.3.1/thumb/v7e-m\libgcc.a(_arm_addsubdf3.o)
__aeabi_f2d                                       c:/program files (x86)/atmel/studio/7.0/toolchain/arm/arm-gnu-toolchain/bin/../lib/gcc/arm-none-eabi/6.3.1/thumb/v7e-m\libgcc.a(_arm_addsubdf3.o)
__aeabi_i2d                                       c:/program files (x86)/atmel/studio/7.0/toolchain/arm/arm-gnu-toolchain/bin/../lib/gcc/arm-none-eabi/6.3.1/thumb/v7e-m\libgcc.a(_arm_addsubdf3.o)
                                                  src/main.o
__aeabi_l2d                                       c:/program files (x86)/atmel/studio/7.0/toolchain/arm/arm-gnu-toolchain/bin/../lib/gcc/arm-none-eabi/6.3.1/thumb/v7e-m\libgcc.a(_arm_addsubdf3.o)
__aeabi_ui2d                                      c:/program files (x86)/atmel/studio/7.0/toolchain/arm/arm-gnu-toolchain/bin/../lib/gcc/arm-none-eabi/6.3.1/thumb/v7e-m\libgcc.a(_arm_addsubdf3.o)
__aeabi_ul2d                                      c:/program files (x86)/atmel/studio/7.0/toolchain/arm/arm-gnu-toolchain/bin/../lib/gcc/arm-none-eabi/6.3.1/thumb/v7e-m\libgcc.a(_arm_addsubdf3.o)
__atexit_recursive_mutex                          c:/program files (x86)/atmel/studio/7.0/toolchain/arm/arm-gnu-toolchain/bin/../lib/gcc/arm-none-eabi/6.3.1/../../../../arm-none-eabi/lib/thumb/v7e-m\libc.a(lib_a-__call_atexit.o)
                                                  c:/program files (x86)/atmel/studio/7.0/toolchain/arm/arm-gnu-toolchain/bin/../lib/gcc/arm-none-eabi/6.3.1/../../../../arm-none-eabi/lib/thumb/v7e-m\libc.a(lib_a-__atexit.o)
__bss_end__                                       c:/program files (x86)/atmel/studio/7.0/toolchain/arm/arm-gnu-toolchain/bin/../lib/gcc/arm-none-eabi/6.3.1/../../../../arm-none-eabi/lib/thumb/v7e-m/crt0.o
__bss_start__                                     c:/program files (x86)/atmel/studio/7.0/toolchain/arm/arm-gnu-toolchain/bin/../lib/gcc/arm-none-eabi/6.3.1/../../../../arm-none-eabi/lib/thumb/v7e-m/crt0.o
__call_exitprocs                                  c:/program files (x86)/atmel/studio/7.0/toolchain/arm/arm-gnu-toolchain/bin/../lib/gcc/arm-none-eabi/6.3.1/../../../../arm-none-eabi/lib/thumb/v7e-m\libc.a(lib_a-__call_atexit.o)
                                                  c:/program files (x86)/atmel/studio/7.0/toolchain/arm/arm-gnu-toolchain/bin/../lib/gcc/arm-none-eabi/6.3.1/../../../../arm-none-eabi/lib/thumb/v7e-m\libc.a(lib_a-exit.o)
__deregister_frame_info                           c:/program files (x86)/atmel/studio/7.0/toolchain/arm/arm-gnu-toolchain/bin/../lib/gcc/arm-none-eabi/6.3.1/thumb/v7e-m/crtbegin.o
__divdf3                                          c:/program files (x86)/atmel/studio/7.0/toolchain/arm/arm-gnu-toolchain/bin/../lib/gcc/arm-none-eabi/6.3.1/thumb/v7e-m\libgcc.a(_arm_muldivdf3.o)
__dso_handle                                      c:/program files (x86)/atmel/studio/7.0/toolchain/arm/arm-gnu-toolchain/bin/../lib/gcc/arm-none-eabi/6.3.1/thumb/v7e-m/crtbegin.o
__extendsfdf2                                     c:/program files (x86)/atmel/studio/7.0/toolchain/arm/arm-gnu-toolchain/bin/../lib/gcc/arm-none-eabi/6.3.1/thumb/v7e-m\libgcc.a(_arm_addsubdf3.o)
__fini_array_end                                  c:/program files (x86)/atmel/studio/7.0/toolchain/arm/arm-gnu-toolchain/bin/../lib/gcc/arm-none-eabi/6.3.1/../../../../arm-none-eabi/lib/thumb/v7e-m\libc.a(lib_a-fini.o)
__fini_array_start                                c:/program files (x86)/atmel/studio/7.0/toolchain/arm/arm-gnu-toolchain/bin/../lib/gcc/arm-none-eabi/6.3.1/../../../../arm-none-eabi/lib/thumb/v7e-m\libc.a(lib_a-fini.o)
__fixdfsi                                         c:/program files (x86)/atmel/studio/7.0/toolchain/arm/arm-gnu-toolchain/bin/../lib/gcc/arm-none-eabi/6.3.1/thumb/v7e-m\libgcc.a(_arm_fixdfsi.o)
__floatdidf                                       c:/program files (x86)/atmel/studio/7.0/toolchain/arm/arm-gnu-toolchain/bin/../lib/gcc/arm-none-eabi/6.3.1/thumb/v7e-m\libgcc.a(_arm_addsubdf3.o)